Archive member included because of file (symbol)

c:/program files (x86)/atmel/atmel studio 6.0/extensions/atmel/avrgcc/3.4.0.65/avrtoolchain/bin/../lib/gcc/avr32/4.4.3/../../../../avr32/lib/ucr3fp\libm.a(lib_a-sf_ceil.o)
                              src/asf/avr32/drivers/Sequence/NMRsequence.o (ceilf)
c:/program files (x86)/atmel/atmel studio 6.0/extensions/atmel/avrgcc/3.4.0.65/avrtoolchain/bin/../lib/gcc/avr32/4.4.3/../../../../avr32/lib/ucr3fp\libm.a(lib_a-sf_round.o)
                              src/asf/avr32/drivers/Sequence/NMRsequence.o (roundf)
c:/program files (x86)/atmel/atmel studio 6.0/extensions/atmel/avrgcc/3.4.0.65/avrtoolchain/bin/../lib/gcc/avr32/4.4.3/ucr3fp\libgcc.a(_avr32_f64_mul.o)
                              src/asf/avr32/drivers/Sequence/NMRsequence.o (__avr32_f64_mul)
c:/program files (x86)/atmel/atmel studio 6.0/extensions/atmel/avrgcc/3.4.0.65/avrtoolchain/bin/../lib/gcc/avr32/4.4.3/ucr3fp\libgcc.a(_avr32_f64_addsub.o)
                              src/asf/avr32/drivers/Sequence/NMRsequence.o (__avr32_f64_add)
c:/program files (x86)/atmel/atmel studio 6.0/extensions/atmel/avrgcc/3.4.0.65/avrtoolchain/bin/../lib/gcc/avr32/4.4.3/ucr3fp\libgcc.a(_avr32_f64_cmp_ge.o)
                              src/asf/avr32/drivers/Sequence/NMRsequence.o (__avr32_f64_cmp_ge)
c:/program files (x86)/atmel/atmel studio 6.0/extensions/atmel/avrgcc/3.4.0.65/avrtoolchain/bin/../lib/gcc/avr32/4.4.3/ucr3fp\libgcc.a(_avr32_f32_cmp_lt.o)
                              c:/program files (x86)/atmel/atmel studio 6.0/extensions/atmel/avrgcc/3.4.0.65/avrtoolchain/bin/../lib/gcc/avr32/4.4.3/../../../../avr32/lib/ucr3fp\libm.a(lib_a-sf_ceil.o) (__avr32_f32_cmp_lt)
c:/program files (x86)/atmel/atmel studio 6.0/extensions/atmel/avrgcc/3.4.0.65/avrtoolchain/bin/../lib/gcc/avr32/4.4.3/ucr3fp\libgcc.a(_avr32_f64_div.o)
                              src/asf/avr32/drivers/Sequence/NMRsequence.o (__avr32_f64_div)
c:/program files (x86)/atmel/atmel studio 6.0/extensions/atmel/avrgcc/3.4.0.65/avrtoolchain/bin/../lib/gcc/avr32/4.4.3/ucr3fp\libgcc.a(_avr32_f32_div.o)
                              src/asf/avr32/drivers/Sequence/NMRsequence.o (__avr32_f32_div)
c:/program files (x86)/atmel/atmel studio 6.0/extensions/atmel/avrgcc/3.4.0.65/avrtoolchain/bin/../lib/gcc/avr32/4.4.3/ucr3fp\libgcc.a(_avr32_f32_addsub.o)
                              c:/program files (x86)/atmel/atmel studio 6.0/extensions/atmel/avrgcc/3.4.0.65/avrtoolchain/bin/../lib/gcc/avr32/4.4.3/../../../../avr32/lib/ucr3fp\libm.a(lib_a-sf_ceil.o) (__avr32_f32_add)
c:/program files (x86)/atmel/atmel studio 6.0/extensions/atmel/avrgcc/3.4.0.65/avrtoolchain/bin/../lib/gcc/avr32/4.4.3/ucr3fp\libgcc.a(_avr32_f32_to_f64.o)
                              src/asf/avr32/drivers/Sequence/NMRsequence.o (__avr32_f32_to_f64)
c:/program files (x86)/atmel/atmel studio 6.0/extensions/atmel/avrgcc/3.4.0.65/avrtoolchain/bin/../lib/gcc/avr32/4.4.3/ucr3fp\libgcc.a(_avr32_f64_to_f32.o)
                              src/asf/avr32/drivers/Sequence/NMRsequence.o (__avr32_f64_to_f32)
c:/program files (x86)/atmel/atmel studio 6.0/extensions/atmel/avrgcc/3.4.0.65/avrtoolchain/bin/../lib/gcc/avr32/4.4.3/ucr3fp\libgcc.a(_udivdi3.o)
                              src/asf/avr32/drivers/dacifb/dacifb.o (__avr32_udiv64)
c:/program files (x86)/atmel/atmel studio 6.0/extensions/atmel/avrgcc/3.4.0.65/avrtoolchain/bin/../lib/gcc/avr32/4.4.3/../../../../avr32/lib/ucr3fp\libc.a(lib_a-memcpy.o)
                              src/asf/avr32/drivers/flashc/flashc.o (memcpy)
c:/program files (x86)/atmel/atmel studio 6.0/extensions/atmel/avrgcc/3.4.0.65/avrtoolchain/bin/../lib/gcc/avr32/4.4.3/../../../../avr32/lib/ucr3fp\libc.a(lib_a-sprintf.o)
                              src/asf/avr32/drivers/Toplevel/Toplevel.o (sprintf)
c:/program files (x86)/atmel/atmel studio 6.0/extensions/atmel/avrgcc/3.4.0.65/avrtoolchain/bin/../lib/gcc/avr32/4.4.3/../../../../avr32/lib/ucr3fp\libc.a(lib_a-strcmp.o)
                              src/asf/avr32/drivers/Toplevel/Toplevel.o (strcmp)
c:/program files (x86)/atmel/atmel studio 6.0/extensions/atmel/avrgcc/3.4.0.65/avrtoolchain/bin/../lib/gcc/avr32/4.4.3/../../../../avr32/lib/ucr3fp\libc.a(lib_a-vfprintf.o)
                              c:/program files (x86)/atmel/atmel studio 6.0/extensions/atmel/avrgcc/3.4.0.65/avrtoolchain/bin/../lib/gcc/avr32/4.4.3/../../../../avr32/lib/ucr3fp\libc.a(lib_a-sprintf.o) (_vfprintf_r)
c:/program files (x86)/atmel/atmel studio 6.0/extensions/atmel/avrgcc/3.4.0.65/avrtoolchain/bin/../lib/gcc/avr32/4.4.3/../../../../avr32/lib/ucr3fp\libc.a(lib_a-wsetup.o)
                              c:/program files (x86)/atmel/atmel studio 6.0/extensions/atmel/avrgcc/3.4.0.65/avrtoolchain/bin/../lib/gcc/avr32/4.4.3/../../../../avr32/lib/ucr3fp\libc.a(lib_a-vfprintf.o) (__swsetup_r)
c:/program files (x86)/atmel/atmel studio 6.0/extensions/atmel/avrgcc/3.4.0.65/avrtoolchain/bin/../lib/gcc/avr32/4.4.3/../../../../avr32/lib/ucr3fp\libc.a(lib_a-dtoa.o)
[...]
Memory Configuration

Name             Origin             Length             Attributes
FLASH            0x80000000         0x00080000         axrl !w
CPUSRAM          0x000001dc         0x0000fe24         axw !rl
USERPAGE         0x80800000         0x00000200
FACTORYPAGE      0x80800200         0x00000200
FLASHVAULT_FLASH_SIZE 0x80800400         0x00000008         r
FLASHVAULT_RAM_SIZE 0x80800408         0x00000008         r
*default*        0x00000000         0xffffffff

Linker script and memory map

                0x00001000                _stack_size = 0x1000
LOAD src/asf/avr32/components/memory/sd_mmc/sd_mmc_spi/sd_mmc_spi.o
LOAD src/asf/avr32/components/memory/sd_mmc/sd_mmc_spi/sd_mmc_spi_mem.o
LOAD src/asf/avr32/drivers/AD9958/AD9958.o
LOAD src/asf/avr32/drivers/dacifb/dacifb.o
LOAD src/asf/avr32/drivers/EZLCD301/LCD.o
LOAD src/asf/avr32/drivers/flashc/flashc.o
LOAD src/asf/avr32/drivers/gpio/gpio.o
LOAD src/asf/avr32/drivers/intc/exception.o
LOAD src/asf/avr32/drivers/intc/intc.o
LOAD src/asf/avr32/drivers/misc/my_misc_functions.o
LOAD src/asf/avr32/drivers/misc/my_SD_MMC.o
LOAD src/asf/avr32/drivers/misc/SD_arbitration.o
LOAD src/asf/avr32/drivers/pdca/pdca.o
LOAD src/asf/avr32/drivers/pm/pm_uc3c.o
LOAD src/asf/avr32/drivers/pm/power_clocks_lib.o
LOAD src/asf/avr32/drivers/scif/scif_uc3c.o
LOAD src/asf/avr32/drivers/Sequence/NMRsequence.o
LOAD src/asf/avr32/drivers/spi/spi.o
LOAD src/asf/avr32/drivers/tc/tc.o
LOAD src/asf/avr32/drivers/Toplevel/Toplevel.o
LOAD src/asf/avr32/drivers/usart/usart.o
LOAD src/asf/avr32/utils/startup/startup_uc3.o
LOAD src/asf/avr32/utils/startup/trampoline_uc3.o
LOAD src/asf/common/boards/user_board/init.o
LOAD src/asf/common/services/clock/uc3c/osc.o
LOAD src/asf/common/services/clock/uc3c/pll.o
LOAD src/asf/common/services/clock/uc3c/sysclk.o
LOAD src/asf/common/services/storage/ctrl_access/ctrl_access.o
LOAD src/main.o
START GROUP
END GROUP
LOAD c:/program files (x86)/atmel/atmel studio 6.0/extensions/atmel/avrgcc/3.4.0.65/avrtoolchain/bin/../lib/gcc/avr32/4.4.3/../../../../avr32/lib/ucr3fp\libm.a
LOAD c:/program files (x86)/atmel/atmel studio 6.0/extensions/atmel/avrgcc/3.4.0.65/avrtoolchain/bin/../lib/gcc/avr32/4.4.3/ucr3fp\libgcc.a
LOAD c:/program files (x86)/atmel/atmel studio 6.0/extensions/atmel/avrgcc/3.4.0.65/avrtoolchain/bin/../lib/gcc/avr32/4.4.3/../../../../avr32/lib/ucr3fp\libc.a
LOAD c:/program files (x86)/atmel/atmel studio 6.0/extensions/atmel/avrgcc/3.4.0.65/avrtoolchain/bin/../lib/gcc/avr32/4.4.3/ucr3fp\libgcc.a
                0x80000000                PROVIDE (__executable_start, 0x80000000)
                0x80000000                . = 0x80000000

.interp
 *(.interp)

.reset          0x80000000     0x2004
 *(.reset)
 .reset         0x80000000     0x2004 src/asf/avr32/utils/startup/trampoline_uc3.o
                               0x2008 (size before relaxing)
                0x80000000                _trampoline

.hash
 *(.hash)

.dynsym
 *(.dynsym)

.dynstr
 *(.dynstr)

.gnu.version
 *(.gnu.version)

.gnu.version_d
 *(.gnu.version_d)

.gnu.version_r
 *(.gnu.version_r)

.rel.init
 *(.rel.init)

.rela.init
 *(.rela.init)

.rel.text
 *(.rel.text .rel.text.* .rel.gnu.linkonce.t.*)

.rela.text
 *(.rela.text .rela.text.* .rela.gnu.linkonce.t.*)

.rel.fini
 *(.rel.fini)

.rela.fini
 *(.rela.fini)

.rel.rodata
 *(.rel.rodata .rel.rodata.* .rel.gnu.linkonce.r.*)

.rela.rodata
 *(.rela.rodata .rela.rodata.* .rela.gnu.linkonce.r.*)

.rel.data.rel.ro
 *(.rel.data.rel.ro*)

.rela.data.rel.ro
 *(.rel.data.rel.ro*)

.rel.data
 *(.rel.data .rel.data.* .rel.gnu.linkonce.d.*)

.rela.data
 *(.rela.data .rela.data.* .rela.gnu.linkonce.d.*)

.rel.tdata
 *(.rel.tdata .rel.tdata.* .rel.gnu.linkonce.td.*)

.rela.tdata
 *(.rela.tdata .rela.tdata.* .rela.gnu.linkonce.td.*)

.rel.tbss
 *(.rel.tbss .rel.tbss.* .rel.gnu.linkonce.tb.*)

.rela.tbss
 *(.rela.tbss .rela.tbss.* .rela.gnu.linkonce.tb.*)

.rel.ctors
 *(.rel.ctors)

.rela.ctors
 *(.rela.ctors)

.rel.dtors
 *(.rel.dtors)

.rela.dtors
 *(.rela.dtors)

.rel.got
 *(.rel.got)

.rela.got       0x80002004        0x0
 *(.rela.got)
 .rela.got      0x80002004        0x0 src/asf/avr32/drivers/flashc/flashc.o

.rel.bss
 *(.rel.bss .rel.bss.* .rel.gnu.linkonce.b.*)

.rela.bss
 *(.rela.bss .rela.bss.* .rela.gnu.linkonce.b.*)

.rel.plt
 *(.rel.plt)

.rela.plt
 *(.rela.plt)

.init
 *(.init)

.plt
 *(.plt)

.text           0x80002004     0xbea2
 *(.text .stub .text.* .gnu.linkonce.t.*)
 .text.sd_mmc_spi_get_capacity
                0x80002004      0x118 src/asf/avr32/components/memory/sd_mmc/sd_mmc_spi/sd_mmc_spi.o
                0x80002004                sd_mmc_spi_get_capacity
 .text.sd_mmc_spi_send_and_read
                0x8000211c       0x2c src/asf/avr32/components/memory/sd_mmc/sd_mmc_spi/sd_mmc_spi.o
                                 0x34 (size before relaxing)
                0x8000211c                sd_mmc_spi_send_and_read
 .text.sd_mmc_spi_wait_not_busy
                0x80002148       0x6c src/asf/avr32/components/memory/sd_mmc/sd_mmc_spi/sd_mmc_spi.o
                                 0x7c (size before relaxing)
                0x80002148                sd_mmc_spi_wait_not_busy
 .text.sd_mmc_spi_command
                0x800021b4      0x29c src/asf/avr32/components/memory/sd_mmc/sd_mmc_spi/sd_mmc_spi.o
                                0x2a4 (size before relaxing)
                0x800021b4                sd_mmc_spi_command
 .text.sd_mmc_spi_check_hc
                0x80002450       0xe0 src/asf/avr32/components/memory/sd_mmc/sd_mmc_spi/sd_mmc_spi.o
                                 0xfc (size before relaxing)
                0x80002450                sd_mmc_spi_check_hc
 .text.sd_mmc_spi_get_if
                0x80002530      0x110 src/asf/avr32/components/memory/sd_mmc/sd_mmc_spi/sd_mmc_spi.o
                                0x12c (size before relaxing)
                0x80002530                sd_mmc_spi_get_if
 .text.sd_mmc_spi_internal_init
                0x80002640      0x7a4 src/asf/avr32/components/memory/sd_mmc/sd_mmc_spi/sd_mmc_spi.o
                                0x7d0 (size before relaxing)
                0x80002640                sd_mmc_spi_internal_init
 .text.sd_mmc_spi_init
                0x80002de4       0x30 src/asf/avr32/components/memory/sd_mmc/sd_mmc_spi/sd_mmc_spi.o
                                 0x34 (size before relaxing)
                0x80002de4                sd_mmc_spi_init
 .text.reset_DDS_local
                0x80002e14       0x3a src/asf/avr32/drivers/AD9958/AD9958.o
                0x80002e14                reset_DDS_local
 .text.IO_UPDATE_local
                0x80002e4e       0x22 src/asf/avr32/drivers/AD9958/AD9958.o
                0x80002e4e                IO_UPDATE_local
 .text.IO_UPDATE_local_long
                0x80002e70       0x46 src/asf/avr32/drivers/AD9958/AD9958.o
                0x80002e70                IO_UPDATE_local_long
 *fill*         0x80002eb6        0x2 d703d703
 .text.write_profile_word_asf
                0x80002eb8       0x5c src/asf/avr32/drivers/AD9958/AD9958.o
                                 0x60 (size before relaxing)
                0x80002eb8                write_profile_word_asf
 .text.write_POW0
                0x80002f14       0x40 src/asf/avr32/drivers/AD9958/AD9958.o
                                 0x44 (size before relaxing)
                0x80002f14                write_POW0
 .text.write_FTW0
                0x80002f54       0x5c src/asf/avr32/drivers/AD9958/AD9958.o
                                 0x60 (size before relaxing)
                0x80002f54                write_FTW0
 .text.write_ACR
                0x80002fb0       0x58 src/asf/avr32/drivers/AD9958/AD9958.o
                                 0x5c (size before relaxing)
                0x80002fb0                write_ACR
 .text.write_CFR
                0x80003008       0x58 src/asf/avr32/drivers/AD9958/AD9958.o
                                 0x5c (size before relaxing)
                0x80003008                write_CFR
 .text.write_FR2
                0x80003060       0x34 src/asf/avr32/drivers/AD9958/AD9958.o
                                 0x38 (size before relaxing)
                0x80003060                write_FR2
 .text.write_FR1
                0x80003094       0x5c src/asf/avr32/drivers/AD9958/AD9958.o
                                 0x60 (size before relaxing)
                0x80003094                write_FR1
 .text.write_CSR
                0x800030f0       0x34 src/asf/avr32/drivers/AD9958/AD9958.o
                                 0x38 (size before relaxing)
                0x800030f0                write_CSR
 .text.dacifb_set_value
                0x80003124       0x2c src/asf/avr32/drivers/dacifb/dacifb.o
                0x80003124                dacifb_set_value
 .text.dacifb_start_channel
                0x80003150       0x98 src/asf/avr32/drivers/dacifb/dacifb.o
                                 0x9c (size before relaxing)
                0x80003150                dacifb_start_channel
 .text.dacifb_configure_channel
                0x800031e8      0x222 src/asf/avr32/drivers/dacifb/dacifb.o
                0x800031e8                dacifb_configure_channel
 .text.dacifb_configure
                0x8000340a       0xa8 src/asf/avr32/drivers/dacifb/dacifb.o
                0x8000340a                dacifb_configure
 .text.flashc_default_wait_until_ready
                0x800034b2       0x14 src/asf/avr32/drivers/flashc/flashc.o
                0x800034b2                flashc_default_wait_until_ready
 *fill*         0x800034c6        0x2 d703d703
 .text.flashc_set_flash_waitstate_and_readmode
                0x800034c8       0x7c src/asf/avr32/drivers/flashc/flashc.o
                0x800034c8                flashc_set_flash_waitstate_and_readmode
 .text.gpio_enable_module_pin
                0x80003544       0x9c src/asf/avr32/drivers/gpio/gpio.o
                0x80003544                gpio_enable_module_pin
 .text.gpio_enable_module
                0x800035e0       0x28 src/asf/avr32/drivers/gpio/gpio.o
                                 0x30 (size before relaxing)
                0x800035e0                gpio_enable_module
 .text.gpio_get_pin_value
                0x80003608       0x16 src/asf/avr32/drivers/gpio/gpio.o
                0x80003608                gpio_get_pin_value
 .text.gpio_set_gpio_pin
                0x8000361e       0x1a src/asf/avr32/drivers/gpio/gpio.o
                0x8000361e                gpio_set_gpio_pin
 .text.gpio_clr_gpio_pin
                0x80003638       0x1a src/asf/avr32/drivers/gpio/gpio.o
                0x80003638                gpio_clr_gpio_pin
 *fill*         0x80003652        0x2 d703d703
 .text._get_interrupt_handler
                0x80003654       0x38 src/asf/avr32/drivers/intc/intc.o
                0x80003654                _get_interrupt_handler
 .text.my_fast_SPI_write
                0x8000368c       0x16 src/asf/avr32/drivers/misc/my_misc_functions.o
                0x8000368c                my_fast_SPI_write
 .text.my_delay
                0x800036a2       0x44 src/asf/avr32/drivers/misc/my_misc_functions.o
                0x800036a2                my_delay
 *fill*         0x800036e6        0x2 d703d703
 .text.fnEnterAVRInterrupt
                0x800036e8       0x34 src/asf/avr32/drivers/misc/my_misc_functions.o
                0x800036e8                fnEnterAVRInterrupt
 .text.my_pdca_init_channel
                0x8000371c       0x22 src/asf/avr32/drivers/misc/my_misc_functions.o
                0x8000371c                my_pdca_init_channel
 .text.AVR32_LowLevelInit
                0x8000373e       0x16 src/asf/avr32/drivers/misc/my_misc_functions.o
                0x8000373e                AVR32_LowLevelInit
 .text.my_SD_SPI_command
                0x80003754      0x110 src/asf/avr32/drivers/misc/my_SD_MMC.o
                0x80003754                my_SD_SPI_command
 .text.my_sd_mmc_spi_wait_not_busy_noCS
                0x80003864       0x3c src/asf/avr32/drivers/misc/my_SD_MMC.o
                                 0x44 (size before relaxing)
                0x80003864                my_sd_mmc_spi_wait_not_busy_noCS
 .text.my_SD_read_experiment_PDCA
                0x800038a0      0x140 src/asf/avr32/drivers/misc/my_SD_MMC.o
                                0x160 (size before relaxing)
                0x800038a0                my_SD_read_experiment_PDCA
 .text.my_SD_read_multiblock_PDCA
                0x800039e0      0x128 src/asf/avr32/drivers/misc/my_SD_MMC.o
                                0x148 (size before relaxing)
                0x800039e0                my_SD_read_multiblock_PDCA
 .text.my_SD_SPI_block_write_multi
                0x80003b08      0x324 src/asf/avr32/drivers/misc/my_SD_MMC.o
                                0x330 (size before relaxing)
                0x80003b08                my_SD_SPI_block_write_multi
 .text.initialize_SD_arbitration
                0x80003e2c       0x60 src/asf/avr32/drivers/misc/SD_arbitration.o
                0x80003e2c                initialize_SD_arbitration
 .text.reset_SD_sink_ptr
                0x80003e8c       0x10 src/asf/avr32/drivers/misc/SD_arbitration.o
                0x80003e8c                reset_SD_sink_ptr
 .text.did_data_fail
                0x80003e9c        0xc src/asf/avr32/drivers/misc/SD_arbitration.o
                0x80003e9c                did_data_fail
 .text.get_failure_cause
                0x80003ea8        0xc src/asf/avr32/drivers/misc/SD_arbitration.o
                0x80003ea8                get_failure_cause
 .text.get_saved_r1
                0x80003eb4        0xc src/asf/avr32/drivers/misc/SD_arbitration.o
                0x80003eb4                get_saved_r1
 .text.handle_SPI_arbitration
                0x80003ec0       0xa8 src/asf/avr32/drivers/misc/SD_arbitration.o
                0x80003ec0                handle_SPI_arbitration
 .text.SD_skip_clusters
                0x80003f68       0x1c src/asf/avr32/drivers/misc/SD_arbitration.o
                0x80003f68                SD_skip_clusters
 .text.shadow_SD_sink_ptr
                0x80003f84       0x14 src/asf/avr32/drivers/misc/SD_arbitration.o
                0x80003f84                shadow_SD_sink_ptr
 .text.handle_SD
                0x80003f98      0x3dc src/asf/avr32/drivers/misc/SD_arbitration.o
                                0x3e0 (size before relaxing)
                0x80003f98                handle_SD
 .text.end_sequence_terminate
                0x80004374       0xf4 src/asf/avr32/drivers/misc/SD_arbitration.o
                                 0xf8 (size before relaxing)
                0x80004374                end_sequence_terminate
 .text.send_data_to_host
                0x80004468      0x100 src/asf/avr32/drivers/misc/SD_arbitration.o
                                0x130 (size before relaxing)
                0x80004468                send_data_to_host
 .text.handle_SD_failure
                0x80004568      0x174 src/asf/avr32/drivers/misc/SD_arbitration.o
                                0x188 (size before relaxing)
                0x80004568                handle_SD_failure
 .text.pdca_disable
                0x800046dc       0x1a src/asf/avr32/drivers/pdca/pdca.o
                0x800046dc                pdca_disable
 .text.pdca_enable
                0x800046f6       0x1a src/asf/avr32/drivers/pdca/pdca.o
                0x800046f6                pdca_enable
 .text.pdca_get_transfer_status
                0x80004710       0x16 src/asf/avr32/drivers/pdca/pdca.o
                0x80004710                pdca_get_transfer_status
 .text.pdca_load_channel
                0x80004726       0x42 src/asf/avr32/drivers/pdca/pdca.o
                0x80004726                pdca_load_channel
 .text.pm_set_clk_domain_div
                0x80004768       0x44 src/asf/avr32/drivers/pm/pm_uc3c.o
                0x80004768                pm_set_clk_domain_div
 .text.pm_set_mclk_source
                0x800047ac       0x1e src/asf/avr32/drivers/pm/pm_uc3c.o
                0x800047ac                pm_set_mclk_source
 *fill*         0x800047ca        0x2 d703d703
 .text.pcl_configure_clocks
                0x800047cc      0x198 src/asf/avr32/drivers/pm/power_clocks_lib.o
                                0x1d0 (size before relaxing)
                0x800047cc                pcl_configure_clocks
 .text.scif_wait_for_pll_locked
                0x80004964       0x20 src/asf/avr32/drivers/scif/scif_uc3c.o
                0x80004964                scif_wait_for_pll_locked
 .text.scif_pll_enable
                0x80004984       0x44 src/asf/avr32/drivers/scif/scif_uc3c.o
                0x80004984                scif_pll_enable
 .text.scif_pll_setup
                0x800049c8       0x74 src/asf/avr32/drivers/scif/scif_uc3c.o
                0x800049c8                scif_pll_setup
 .text.scif_enable_osc
                0x80004a3c       0x70 src/asf/avr32/drivers/scif/scif_uc3c.o
                0x80004a3c                scif_enable_osc
 .text.scif_configure_osc_extmode
                0x80004aac       0x44 src/asf/avr32/drivers/scif/scif_uc3c.o
                0x80004aac                scif_configure_osc_extmode
 .text.gettruesequence
                0x80004af0      0x5fc src/asf/avr32/drivers/Sequence/NMRsequence.o
                                0x618 (size before relaxing)
                0x80004af0                gettruesequence
 .text.get_experiment_problem
                0x800050ec        0xc src/asf/avr32/drivers/Sequence/NMRsequence.o
                0x800050ec                get_experiment_problem
 .text.validate_sequences
                0x800050f8      0xcf4 src/asf/avr32/drivers/Sequence/NMRsequence.o
                                0xd1c (size before relaxing)
                0x800050f8                validate_sequences
 .text.initializeDDS
                0x80005dec      0x148 src/asf/avr32/drivers/Sequence/NMRsequence.o
                                0x174 (size before relaxing)
                0x80005dec                initializeDDS
 .text.executesequence_SDstorage_multiprep_combined
                0x80005f34      0x558 src/asf/avr32/drivers/Sequence/NMRsequence.o
                                0x59c (size before relaxing)
                0x80005f34                executesequence_SDstorage_multiprep_combined
 .text.spi_initMaster
                0x8000648c       0x3a src/asf/avr32/drivers/spi/spi.o
                0x8000648c                spi_initMaster
 .text.spi_selectionMode
                0x800064c6       0x3e src/asf/avr32/drivers/spi/spi.o
                0x800064c6                spi_selectionMode
 .text.spi_selectChip
                0x80006504       0x50 src/asf/avr32/drivers/spi/spi.o
                0x80006504                spi_selectChip
 .text.spi_unselectChip
                0x80006554       0x26 src/asf/avr32/drivers/spi/spi.o
                0x80006554                spi_unselectChip
 .text.spi_setupChipReg
                0x8000657a       0xb4 src/asf/avr32/drivers/spi/spi.o
                0x8000657a                spi_setupChipReg
 .text.spi_enable
                0x8000662e        0x6 src/asf/avr32/drivers/spi/spi.o
                0x8000662e                spi_enable
 .text.spi_write
                0x80006634       0x1c src/asf/avr32/drivers/spi/spi.o
                0x80006634                spi_write
 .text.spi_read
                0x80006650       0x22 src/asf/avr32/drivers/spi/spi.o
                0x80006650                spi_read
 .text.tc_select_external_clock
                0x80006672       0x3e src/asf/avr32/drivers/tc/tc.o
                0x80006672                tc_select_external_clock
 .text.tc_init_waveform
                0x800066b0       0x9e src/asf/avr32/drivers/tc/tc.o
                0x800066b0                tc_init_waveform
 .text.tc_start
                0x8000674e       0x12 src/asf/avr32/drivers/tc/tc.o
                0x8000674e                tc_start
 .text.tc_stop  0x80006760       0x12 src/asf/avr32/drivers/tc/tc.o
                0x80006760                tc_stop
 .text.tc_read_sr
                0x80006772       0x12 src/asf/avr32/drivers/tc/tc.o
                0x80006772                tc_read_sr
 .text.tc_write_ra
                0x80006784       0x38 src/asf/avr32/drivers/tc/tc.o
                0x80006784                tc_write_ra
 .text.tc_write_rc
                0x800067bc       0x38 src/asf/avr32/drivers/tc/tc.o
                0x800067bc                tc_write_rc
 .text.tc_configure_interrupts
                0x800067f4      0x11e src/asf/avr32/drivers/tc/tc.o
                0x800067f4                tc_configure_interrupts
 *fill*         0x80006912        0x2 d703d703
 .text.get_LCD_cmd
                0x80006914       0xa8 src/asf/avr32/drivers/Toplevel/Toplevel.o
                                 0xb4 (size before relaxing)
                0x80006914                get_LCD_cmd
 .text.get_experiment_from_host_to_SD
                0x800069bc       0xec src/asf/avr32/drivers/Toplevel/Toplevel.o
                                0x10c (size before relaxing)
                0x800069bc                get_experiment_from_host_to_SD
 .text.hostmode_run
                0x80006aa8      0x28c src/asf/avr32/drivers/Toplevel/Toplevel.o
                                0x2d0 (size before relaxing)
                0x80006aa8                hostmode_run
 .text.idle_getmode
                0x80006d34       0xd0 src/asf/avr32/drivers/Toplevel/Toplevel.o
                                 0xe8 (size before relaxing)
                0x80006d34                idle_getmode
 .text.standalone_mode_run
                0x80006e04      0x460 src/asf/avr32/drivers/Toplevel/Toplevel.o
                                0x4a4 (size before relaxing)
                0x80006e04                standalone_mode_run
 .text.idle     0x80007264      0x4c4 src/asf/avr32/drivers/Toplevel/Toplevel.o
                                0x550 (size before relaxing)
                0x80007264                idle
 .text.usart_set_async_baudrate
                0x80007728       0x5e src/asf/avr32/drivers/usart/usart.o
 .text.usart_putchar
                0x80007786       0x1c src/asf/avr32/drivers/usart/usart.o
                0x80007786                usart_putchar
 .text.usart_write_line
                0x800077a2       0x2c src/asf/avr32/drivers/usart/usart.o
                0x800077a2                usart_write_line
 *fill*         0x800077ce        0x2 d703d703
 .text.usart_init_rs232
                0x800077d0       0xe4 src/asf/avr32/drivers/usart/usart.o
                                 0xec (size before relaxing)
                0x800077d0                usart_init_rs232
 .text.usart_init_hw_handshaking
                0x800078b4       0xf0 src/asf/avr32/drivers/usart/usart.o
                                 0xf4 (size before relaxing)
                0x800078b4                usart_init_hw_handshaking
 .text._stext   0x800079a4       0x4c src/asf/avr32/utils/startup/startup_uc3.o
                                 0x50 (size before relaxing)
                0x800079a4                _stext
 .text.board_init
                0x800079f0      0x40c src/asf/common/boards/user_board/init.o
                                0x46c (size before relaxing)
                0x800079f0                board_init
 .text.tc_irq   0x80007dfc        0x8 src/main.o
                0x80007dfc                tc_irq
 .text.main     0x80007e04      0x124 src/main.o
                                0x13c (size before relaxing)
                0x80007e04                main
 .text.ceilf    0x80007f28       0xa0 c:/program files (x86)/atmel/atmel studio 6.0/extensions/atmel/avrgcc/3.4.0.65/avrtoolchain/bin/../lib/gcc/avr32/4.4.3/../../../../avr32/lib/ucr3fp\libm.a(lib_a-sf_ceil.o)
                                 0xa8 (size before relaxing)
                0x80007f28                ceilf
 .text.roundf   0x80007fc8       0x5c c:/program files (x86)/atmel/atmel studio 6.0/extensions/atmel/avrgcc/3.4.0.65/avrtoolchain/bin/../lib/gcc/avr32/4.4.3/../../../../avr32/lib/ucr3fp\libm.a(lib_a-sf_round.o)
                                 0x60 (size before relaxing)
                0x80007fc8                roundf
 .text          0x80008024      0x1d4 c:/program files (x86)/atmel/atmel studio 6.0/extensions/atmel/avrgcc/3.4.0.65/avrtoolchain/bin/../lib/gcc/avr32/4.4.3/ucr3fp\libgcc.a(_avr32_f64_mul.o)
                0x80008024                __avr32_f64_mul
 .text          0x800081f8      0x2a8 c:/program files (x86)/atmel/atmel studio 6.0/extensions/atmel/avrgcc/3.4.0.65/avrtoolchain/bin/../lib/gcc/avr32/4.4.3/ucr3fp\libgcc.a(_avr32_f64_addsub.o)
                0x800081fc                __avr32_f64_sub
                0x80008398                __avr32_f64_add
 .text          0x800084a0       0x68 c:/program files (x86)/atmel/atmel studio 6.0/extensions/atmel/avrgcc/3.4.0.65/avrtoolchain/bin/../lib/gcc/avr32/4.4.3/ucr3fp\libgcc.a(_avr32_f64_cmp_ge.o)
                0x800084a0                __avr32_f64_cmp_ge
 .text          0x80008508       0x34 c:/program files (x86)/atmel/atmel studio 6.0/extensions/atmel/avrgcc/3.4.0.65/avrtoolchain/bin/../lib/gcc/avr32/4.4.3/ucr3fp\libgcc.a(_avr32_f32_cmp_lt.o)
                0x80008508                __avr32_f32_cmp_lt
 .text          0x8000853c      0x318 c:/program files (x86)/atmel/atmel studio 6.0/extensions/atmel/avrgcc/3.4.0.65/avrtoolchain/bin/../lib/gcc/avr32/4.4.3/ucr3fp\libgcc.a(_avr32_f64_div.o)
                0x8000853c                __avr32_f64_div
 .text          0x80008854      0x160 c:/program files (x86)/atmel/atmel studio 6.0/extensions/atmel/avrgcc/3.4.0.65/avrtoolchain/bin/../lib/gcc/avr32/4.4.3/ucr3fp\libgcc.a(_avr32_f32_div.o)
                0x80008854                __avr32_f32_div
 .text          0x800089b4      0x180 c:/program files (x86)/atmel/atmel studio 6.0/extensions/atmel/avrgcc/3.4.0.65/avrtoolchain/bin/../lib/gcc/avr32/4.4.3/ucr3fp\libgcc.a(_avr32_f32_addsub.o)
                0x800089b8                __avr32_f32_sub
                0x80008a88                __avr32_f32_add
 .text          0x80008b34       0x60 c:/program files (x86)/atmel/atmel studio 6.0/extensions/atmel/avrgcc/3.4.0.65/avrtoolchain/bin/../lib/gcc/avr32/4.4.3/ucr3fp\libgcc.a(_avr32_f32_to_f64.o)
                0x80008b34                __avr32_f32_to_f64
 .text          0x80008b94       0x8a c:/program files (x86)/atmel/atmel studio 6.0/extensions/atmel/avrgcc/3.4.0.65/avrtoolchain/bin/../lib/gcc/avr32/4.4.3/ucr3fp\libgcc.a(_avr32_f64_to_f32.o)
                0x80008b94                __avr32_f64_to_f32
 .text          0x80008c1e      0x292 c:/program files (x86)/atmel/atmel studio 6.0/extensions/atmel/avrgcc/3.4.0.65/avrtoolchain/bin/../lib/gcc/avr32/4.4.3/ucr3fp\libgcc.a(_udivdi3.o)
                0x80008c1e                __avr32_udiv64
                0x80008c1e                __udivdi3
 .text          0x80008eb0      0x148 c:/program files (x86)/atmel/atmel studio 6.0/extensions/atmel/avrgcc/3.4.0.65/avrtoolchain/bin/../lib/gcc/avr32/4.4.3/../../../../avr32/lib/ucr3fp\libc.a(lib_a-memcpy.o)
                0x80008eb0                memcpy
 .text.sprintf  0x80008ff8       0x3c c:/program files (x86)/atmel/atmel studio 6.0/extensions/atmel/avrgcc/3.4.0.65/avrtoolchain/bin/../lib/gcc/avr32/4.4.3/../../../../avr32/lib/ucr3fp\libc.a(lib_a-sprintf.o)
                                 0x40 (size before relaxing)
                0x80008ff8                sprintf
 .text          0x80009034       0xa8 c:/program files (x86)/atmel/atmel studio 6.0/extensions/atmel/avrgcc/3.4.0.65/avrtoolchain/bin/../lib/gcc/avr32/4.4.3/../../../../avr32/lib/ucr3fp\libc.a(lib_a-strcmp.o)
                0x80009034                strcmp
 .text.get_arg  0x800090dc      0x31c c:/program files (x86)/atmel/atmel studio 6.0/extensions/atmel/avrgcc/3.4.0.65/avrtoolchain/bin/../lib/gcc/avr32/4.4.3/../../../../avr32/lib/ucr3fp\libc.a(lib_a-vfprintf.o)
                                0x320 (size before relaxing)
 .text.__sprint_r
                0x800093f8       0x1c c:/program files (x86)/atmel/atmel studio 6.0/extensions/atmel/avrgcc/3.4.0.65/avrtoolchain/bin/../lib/gcc/avr32/4.4.3/../../../../avr32/lib/ucr3fp\libc.a(lib_a-vfprintf.o)
                                 0x20 (size before relaxing)
 .text._vfprintf_r
                0x80009414     0x1f1c c:/program files (x86)/atmel/atmel studio 6.0/extensions/atmel/avrgcc/3.4.0.65/avrtoolchain/bin/../lib/gcc/avr32/4.4.3/../../../../avr32/lib/ucr3fp\libc.a(lib_a-vfprintf.o)
                               0x1f90 (size before relaxing)
                0x80009414                _vfprintf_r
 .text.__swsetup_r
                0x8000b330       0xdc c:/program files (x86)/atmel/atmel studio 6.0/extensions/atmel/avrgcc/3.4.0.65/avrtoolchain/bin/../lib/gcc/avr32/4.4.3/../../../../avr32/lib/ucr3fp\libc.a(lib_a-wsetup.o)
                                 0xe8 (size before relaxing)
                0x8000b330                __swsetup_r
 .text.quorem   0x8000b40c      0x120 c:/program files (x86)/atmel/atmel studio 6.0/extensions/atmel/avrgcc/3.4.0.65/avrtoolchain/bin/../lib/gcc/avr32/4.4.3/../../../../avr32/lib/ucr3fp\libc.a(lib_a-dtoa.o)
                                0x124 (size before relaxing)
 .text._dtoa_r  0x8000b52c      0xbe0 c:/program files (x86)/atmel/atmel studio 6.0/extensions/atmel/avrgcc/3.4.0.65/avrtoolchain/bin/../lib/gcc/avr32/4.4.3/../../../../avr32/lib/ucr3fp\libc.a(lib_a-dtoa.o)
                                0xc90 (size before relaxing)
                0x8000b52c                _dtoa_r
 .text._fflush_r
                0x8000c10c      0x110 c:/program files (x86)/atmel/atmel studio 6.0/extensions/atmel/avrgcc/3.4.0.65/avrtoolchain/bin/../lib/gcc/avr32/4.4.3/../../../../avr32/lib/ucr3fp\libc.a(lib_a-fflush.o)
                                0x118 (size before relaxing)
                0x8000c10c                _fflush_r
 .text.__sfp_lock_acquire
                0x8000c21c        0x2 c:/program files (x86)/atmel/atmel studio 6.0/extensions/atmel/avrgcc/3.4.0.65/avrtoolchain/bin/../lib/gcc/avr32/4.4.3/../../../../avr32/lib/ucr3fp\libc.a(lib_a-findfp.o)
                0x8000c21c                __sfp_lock_acquire
 .text.__sfp_lock_release
                0x8000c21e        0x2 c:/program files (x86)/atmel/atmel studio 6.0/extensions/atmel/avrgcc/3.4.0.65/avrtoolchain/bin/../lib/gcc/avr32/4.4.3/../../../../avr32/lib/ucr3fp\libc.a(lib_a-findfp.o)
                0x8000c21e                __sfp_lock_release
 .text._cleanup_r
                0x8000c220        0xc c:/program files (x86)/atmel/atmel studio 6.0/extensions/atmel/avrgcc/3.4.0.65/avrtoolchain/bin/../lib/gcc/avr32/4.4.3/../../../../avr32/lib/ucr3fp\libc.a(lib_a-findfp.o)
                                 0x14 (size before relaxing)
                0x8000c220                _cleanup_r
 .text.__sfmoreglue
                0x8000c22c       0x28 c:/program files (x86)/atmel/atmel studio 6.0/extensions/atmel/avrgcc/3.4.0.65/avrtoolchain/bin/../lib/gcc/avr32/4.4.3/../../../../avr32/lib/ucr3fp\libc.a(lib_a-findfp.o)
                                 0x30 (size before relaxing)
                0x8000c22c                __sfmoreglue
 .text.__sfp    0x8000c254       0x70 c:/program files (x86)/atmel/atmel studio 6.0/extensions/atmel/avrgcc/3.4.0.65/avrtoolchain/bin/../lib/gcc/avr32/4.4.3/../../../../avr32/lib/ucr3fp\libc.a(lib_a-findfp.o)
                                 0x7c (size before relaxing)
                0x8000c254                __sfp
 .text.__sinit  0x8000c2c4       0x9c c:/program files (x86)/atmel/atmel studio 6.0/extensions/atmel/avrgcc/3.4.0.65/avrtoolchain/bin/../lib/gcc/avr32/4.4.3/../../../../avr32/lib/ucr3fp\libc.a(lib_a-findfp.o)
                                 0xb0 (size before relaxing)
                0x8000c2c4                __sinit
 .text._malloc_trim_r
                0x8000c360       0x9c c:/program files (x86)/atmel/atmel studio 6.0/extensions/atmel/avrgcc/3.4.0.65/avrtoolchain/bin/../lib/gcc/avr32/4.4.3/../../../../avr32/lib/ucr3fp\libc.a(lib_a-freer.o)
                                 0xa8 (size before relaxing)
                0x8000c360                _malloc_trim_r
 .text._free_r  0x8000c3fc      0x190 c:/program files (x86)/atmel/atmel studio 6.0/extensions/atmel/avrgcc/3.4.0.65/avrtoolchain/bin/../lib/gcc/avr32/4.4.3/../../../../avr32/lib/ucr3fp\libc.a(lib_a-freer.o)
                                0x1a4 (size before relaxing)
                0x8000c3fc                _free_r
 .text.__sfvwrite_r
                0x8000c58c      0x2a4 c:/program files (x86)/atmel/atmel studio 6.0/extensions/atmel/avrgcc/3.4.0.65/avrtoolchain/bin/../lib/gcc/avr32/4.4.3/../../../../avr32/lib/ucr3fp\libc.a(lib_a-fvwrite.o)
                                0x2c8 (size before relaxing)
                0x8000c58c                __sfvwrite_r
 .text._fwalk   0x8000c830       0x4c c:/program files (x86)/atmel/atmel studio 6.0/extensions/atmel/avrgcc/3.4.0.65/avrtoolchain/bin/../lib/gcc/avr32/4.4.3/../../../../avr32/lib/ucr3fp\libc.a(lib_a-fwalk.o)
                                 0x54 (size before relaxing)
                0x8000c830                _fwalk
 .text._localeconv_r
                0x8000c87c        0x8 c:/program files (x86)/atmel/atmel studio 6.0/extensions/atmel/avrgcc/3.4.0.65/avrtoolchain/bin/../lib/gcc/avr32/4.4.3/../../../../avr32/lib/ucr3fp\libc.a(lib_a-locale.o)
                0x8000c87c                _localeconv_r
 .text.__smakebuf_r
                0x8000c884       0xc4 c:/program files (x86)/atmel/atmel studio 6.0/extensions/atmel/avrgcc/3.4.0.65/avrtoolchain/bin/../lib/gcc/avr32/4.4.3/../../../../avr32/lib/ucr3fp\libc.a(lib_a-makebuf.o)
                                 0xd4 (size before relaxing)
                0x8000c884                __smakebuf_r
 .text.malloc   0x8000c948       0x10 c:/program files (x86)/atmel/atmel studio 6.0/extensions/atmel/avrgcc/3.4.0.65/avrtoolchain/bin/../lib/gcc/avr32/4.4.3/../../../../avr32/lib/ucr3fp\libc.a(lib_a-malloc.o)
                                 0x18 (size before relaxing)
                0x8000c948                malloc
 .text._malloc_r
                0x8000c958      0x434 c:/program files (x86)/atmel/atmel studio 6.0/extensions/atmel/avrgcc/3.4.0.65/avrtoolchain/bin/../lib/gcc/avr32/4.4.3/../../../../avr32/lib/ucr3fp\libc.a(lib_a-mallocr.o)
                                0x454 (size before relaxing)
                0x8000c958                _malloc_r
 .text.memchr   0x8000cd8c       0x16 c:/program files (x86)/atmel/atmel studio 6.0/extensions/atmel/avrgcc/3.4.0.65/avrtoolchain/bin/../lib/gcc/avr32/4.4.3/../../../../avr32/lib/ucr3fp\libc.a(lib_a-memchr.o)
                0x8000cd8c                memchr
 .text.memmove  0x8000cda2       0x3e c:/program files (x86)/atmel/atmel studio 6.0/extensions/atmel/avrgcc/3.4.0.65/avrtoolchain/bin/../lib/gcc/avr32/4.4.3/../../../../avr32/lib/ucr3fp\libc.a(lib_a-memmove.o)
                0x8000cda2                memmove
 .text.memset   0x8000cde0        0xe c:/program files (x86)/atmel/atmel studio 6.0/extensions/atmel/avrgcc/3.4.0.65/avrtoolchain/bin/../lib/gcc/avr32/4.4.3/../../../../avr32/lib/ucr3fp\libc.a(lib_a-memset.o)
                0x8000cde0                memset
 .text.__malloc_lock
                0x8000cdee        0x2 c:/program files (x86)/atmel/atmel studio 6.0/extensions/atmel/avrgcc/3.4.0.65/avrtoolchain/bin/../lib/gcc/avr32/4.4.3/../../../../avr32/lib/ucr3fp\libc.a(lib_a-mlock.o)
                0x8000cdee                __malloc_lock
 .text.__malloc_unlock
                0x8000cdf0        0x2 c:/program files (x86)/atmel/atmel studio 6.0/extensions/atmel/avrgcc/3.4.0.65/avrtoolchain/bin/../lib/gcc/avr32/4.4.3/../../../../avr32/lib/ucr3fp\libc.a(lib_a-mlock.o)
                0x8000cdf0                __malloc_unlock
 .text.__hi0bits
                0x8000cdf2       0x60 c:/program files (x86)/atmel/atmel studio 6.0/extensions/atmel/avrgcc/3.4.0.65/avrtoolchain/bin/../lib/gcc/avr32/4.4.3/../../../../avr32/lib/ucr3fp\libc.a(lib_a-mprec.o)
                0x8000cdf2                __hi0bits
 .text.__lo0bits
                0x8000ce52       0x8e c:/program files (x86)/atmel/atmel studio 6.0/extensions/atmel/avrgcc/3.4.0.65/avrtoolchain/bin/../lib/gcc/avr32/4.4.3/../../../../avr32/lib/ucr3fp\libc.a(lib_a-mprec.o)
                0x8000ce52                __lo0bits
 .text.__mcmp   0x8000cee0       0x32 c:/program files (x86)/atmel/atmel studio 6.0/extensions/atmel/avrgcc/3.4.0.65/avrtoolchain/bin/../lib/gcc/avr32/4.4.3/../../../../avr32/lib/ucr3fp\libc.a(lib_a-mprec.o)
                0x8000cee0                __mcmp
 *fill*         0x8000cf12        0x2 d703d703
 .text._Bfree   0x8000cf14       0x34 c:/program files (x86)/atmel/atmel studio 6.0/extensions/atmel/avrgcc/3.4.0.65/avrtoolchain/bin/../lib/gcc/avr32/4.4.3/../../../../avr32/lib/ucr3fp\libc.a(lib_a-mprec.o)
                                 0x38 (size before relaxing)
                0x8000cf14                _Bfree
 .text._Balloc  0x8000cf48       0x70 c:/program files (x86)/atmel/atmel studio 6.0/extensions/atmel/avrgcc/3.4.0.65/avrtoolchain/bin/../lib/gcc/avr32/4.4.3/../../../../avr32/lib/ucr3fp\libc.a(lib_a-mprec.o)
                                 0x78 (size before relaxing)
                0x8000cf48                _Balloc
 .text.__d2b    0x8000cfb8       0xa8 c:/program files (x86)/atmel/atmel studio 6.0/extensions/atmel/avrgcc/3.4.0.65/avrtoolchain/bin/../lib/gcc/avr32/4.4.3/../../../../avr32/lib/ucr3fp\libc.a(lib_a-mprec.o)
                                 0xbc (size before relaxing)
                0x8000cfb8                __d2b
 .text.__mdiff  0x8000d060       0xd0 c:/program files (x86)/atmel/atmel studio 6.0/extensions/atmel/avrgcc/3.4.0.65/avrtoolchain/bin/../lib/gcc/avr32/4.4.3/../../../../avr32/lib/ucr3fp\libc.a(lib_a-mprec.o)
                                 0xd8 (size before relaxing)
                0x8000d060                __mdiff
 .text.__lshift
                0x8000d130       0x88 c:/program files (x86)/atmel/atmel studio 6.0/extensions/atmel/avrgcc/3.4.0.65/avrtoolchain/bin/../lib/gcc/avr32/4.4.3/../../../../avr32/lib/ucr3fp\libc.a(lib_a-mprec.o)
                                 0x94 (size before relaxing)
                0x8000d130                __lshift
 .text.__multiply
                0x8000d1b8      0x100 c:/program files (x86)/atmel/atmel studio 6.0/extensions/atmel/avrgcc/3.4.0.65/avrtoolchain/bin/../lib/gcc/avr32/4.4.3/../../../../avr32/lib/ucr3fp\libc.a(lib_a-mprec.o)
                                0x108 (size before relaxing)
                0x8000d1b8                __multiply
 .text.__i2b    0x8000d2b8       0x10 c:/program files (x86)/atmel/atmel studio 6.0/extensions/atmel/avrgcc/3.4.0.65/avrtoolchain/bin/../lib/gcc/avr32/4.4.3/../../../../avr32/lib/ucr3fp\libc.a(lib_a-mprec.o)
                                 0x18 (size before relaxing)
                0x8000d2b8                __i2b
 .text.__multadd
                0x8000d2c8       0x7c c:/program files (x86)/atmel/atmel studio 6.0/extensions/atmel/avrgcc/3.4.0.65/avrtoolchain/bin/../lib/gcc/avr32/4.4.3/../../../../avr32/lib/ucr3fp\libc.a(lib_a-mprec.o)
                                 0x88 (size before relaxing)
                0x8000d2c8                __multadd
 .text.__pow5mult
                0x8000d344       0x90 c:/program files (x86)/atmel/atmel studio 6.0/extensions/atmel/avrgcc/3.4.0.65/avrtoolchain/bin/../lib/gcc/avr32/4.4.3/../../../../avr32/lib/ucr3fp\libc.a(lib_a-mprec.o)
                                 0xac (size before relaxing)
                0x8000d344                __pow5mult
 .text._realloc_r
                0x8000d3d4      0x2c4 c:/program files (x86)/atmel/atmel studio 6.0/extensions/atmel/avrgcc/3.4.0.65/avrtoolchain/bin/../lib/gcc/avr32/4.4.3/../../../../avr32/lib/ucr3fp\libc.a(lib_a-reallocr.o)
                                0x2e0 (size before relaxing)
                0x8000d3d4                _realloc_r
 .text._sbrk_r  0x8000d698       0x20 c:/program files (x86)/atmel/atmel studio 6.0/extensions/atmel/avrgcc/3.4.0.65/avrtoolchain/bin/../lib/gcc/avr32/4.4.3/../../../../avr32/lib/ucr3fp\libc.a(lib_a-sbrkr.o)
                                 0x28 (size before relaxing)
                0x8000d698                _sbrk_r
 .text.__isinfd
                0x8000d6b8       0x2a c:/program files (x86)/atmel/atmel studio 6.0/extensions/atmel/avrgcc/3.4.0.65/avrtoolchain/bin/../lib/gcc/avr32/4.4.3/../../../../avr32/lib/ucr3fp\libc.a(lib_a-s_isinfd.o)
                0x8000d6b8                __isinfd
 .text.__isnand
                0x8000d6e2       0x1c c:/program files (x86)/atmel/atmel studio 6.0/extensions/atmel/avrgcc/3.4.0.65/avrtoolchain/bin/../lib/gcc/avr32/4.4.3/../../../../avr32/lib/ucr3fp\libc.a(lib_a-s_isnand.o)
                0x8000d6e2                __isnand
 *fill*         0x8000d6fe        0x2 d703d703
 .text.__sclose
                0x8000d700        0x8 c:/program files (x86)/atmel/atmel studio 6.0/extensions/atmel/avrgcc/3.4.0.65/avrtoolchain/bin/../lib/gcc/avr32/4.4.3/../../../../avr32/lib/ucr3fp\libc.a(lib_a-stdio.o)
                                 0x10 (size before relaxing)
                0x8000d700                __sclose
 .text.__sseek  0x8000d708       0x28 c:/program files (x86)/atmel/atmel studio 6.0/extensions/atmel/avrgcc/3.4.0.65/avrtoolchain/bin/../lib/gcc/avr32/4.4.3/../../../../avr32/lib/ucr3fp\libc.a(lib_a-stdio.o)
                                 0x2c (size before relaxing)
                0x8000d708                __sseek
 .text.__swrite
                0x8000d730       0x2c c:/program files (x86)/atmel/atmel studio 6.0/extensions/atmel/avrgcc/3.4.0.65/avrtoolchain/bin/../lib/gcc/avr32/4.4.3/../../../../avr32/lib/ucr3fp\libc.a(lib_a-stdio.o)
                                 0x38 (size before relaxing)
                0x8000d730                __swrite
 .text.__sread  0x8000d75c       0x1c c:/program files (x86)/atmel/atmel studio 6.0/extensions/atmel/avrgcc/3.4.0.65/avrtoolchain/bin/../lib/gcc/avr32/4.4.3/../../../../avr32/lib/ucr3fp\libc.a(lib_a-stdio.o)
                                 0x24 (size before relaxing)
                0x8000d75c                __sread
 .text.strlen   0x8000d778       0x16 c:/program files (x86)/atmel/atmel studio 6.0/extensions/atmel/avrgcc/3.4.0.65/avrtoolchain/bin/../lib/gcc/avr32/4.4.3/../../../../avr32/lib/ucr3fp\libc.a(lib_a-strlen.o)
                0x8000d778                strlen
 *fill*         0x8000d78e        0x2 d703d703
 .text._close   0x8000d790       0x18 c:/program files (x86)/atmel/atmel studio 6.0/extensions/atmel/avrgcc/3.4.0.65/avrtoolchain/bin/../lib/gcc/avr32/4.4.3/../../../../avr32/lib/ucr3fp\libc.a(lib_a-syscalls.o)
                0x8000d790                _close
 .text._lseek   0x8000d7a8       0x18 c:/program files (x86)/atmel/atmel studio 6.0/extensions/atmel/avrgcc/3.4.0.65/avrtoolchain/bin/../lib/gcc/avr32/4.4.3/../../../../avr32/lib/ucr3fp\libc.a(lib_a-syscalls.o)
                0x8000d7a8                _lseek
 .text._read    0x8000d7c0       0x18 c:/program files (x86)/atmel/atmel studio 6.0/extensions/atmel/avrgcc/3.4.0.65/avrtoolchain/bin/../lib/gcc/avr32/4.4.3/../../../../avr32/lib/ucr3fp\libc.a(lib_a-syscalls.o)
                0x8000d7c0                _read
 .text._write   0x8000d7d8       0x18 c:/program files (x86)/atmel/atmel studio 6.0/extensions/atmel/avrgcc/3.4.0.65/avrtoolchain/bin/../lib/gcc/avr32/4.4.3/../../../../avr32/lib/ucr3fp\libc.a(lib_a-syscalls.o)
                0x8000d7d8                _write
 .text.isatty   0x8000d7f0       0x18 c:/program files (x86)/atmel/atmel studio 6.0/extensions/atmel/avrgcc/3.4.0.65/avrtoolchain/bin/../lib/gcc/avr32/4.4.3/../../../../avr32/lib/ucr3fp\libc.a(lib_a-syscalls.o)
                0x8000d7f0                isatty
 .text._fstat_host
                0x8000d808       0x18 c:/program files (x86)/atmel/atmel studio 6.0/extensions/atmel/avrgcc/3.4.0.65/avrtoolchain/bin/../lib/gcc/avr32/4.4.3/../../../../avr32/lib/ucr3fp\libc.a(lib_a-syscalls.o)
                0x8000d808                _fstat_host
 .text._fstat   0x8000d820       0x4c c:/program files (x86)/atmel/atmel studio 6.0/extensions/atmel/avrgcc/3.4.0.65/avrtoolchain/bin/../lib/gcc/avr32/4.4.3/../../../../avr32/lib/ucr3fp\libc.a(lib_a-syscalls.o)
                                 0x50 (size before relaxing)
                0x8000d820                _fstat
 .text._sbrk    0x8000d86c       0x3c c:/program files (x86)/atmel/atmel studio 6.0/extensions/atmel/avrgcc/3.4.0.65/avrtoolchain/bin/../lib/gcc/avr32/4.4.3/../../../../avr32/lib/ucr3fp\libc.a(lib_a-syscalls.o)
                                 0x40 (size before relaxing)
                0x8000d86c                _sbrk
 .text._write_r
                0x8000d8a8       0x28 c:/program files (x86)/atmel/atmel studio 6.0/extensions/atmel/avrgcc/3.4.0.65/avrtoolchain/bin/../lib/gcc/avr32/4.4.3/../../../../avr32/lib/ucr3fp\libc.a(lib_a-writer.o)
                                 0x2c (size before relaxing)
                0x8000d8a8                _write_r
 .text._calloc_r
                0x8000d8d0       0x58 c:/program files (x86)/atmel/atmel studio 6.0/extensions/atmel/avrgcc/3.4.0.65/avrtoolchain/bin/../lib/gcc/avr32/4.4.3/../../../../avr32/lib/ucr3fp\libc.a(lib_a-callocr.o)
                                 0x60 (size before relaxing)
                0x8000d8d0                _calloc_r
 .text._close_r
                0x8000d928       0x20 c:/program files (x86)/atmel/atmel studio 6.0/extensions/atmel/avrgcc/3.4.0.65/avrtoolchain/bin/../lib/gcc/avr32/4.4.3/../../../../avr32/lib/ucr3fp\libc.a(lib_a-closer.o)
                                 0x28 (size before relaxing)
                0x8000d928                _close_r
 .text.__errno  0x8000d948        0xc c:/program files (x86)/atmel/atmel studio 6.0/extensions/atmel/avrgcc/3.4.0.65/avrtoolchain/bin/../lib/gcc/avr32/4.4.3/../../../../avr32/lib/ucr3fp\libc.a(lib_a-errno.o)
                0x8000d948                __errno
 .text._fclose_r
                0x8000d954       0xbc c:/program files (x86)/atmel/atmel studio 6.0/extensions/atmel/avrgcc/3.4.0.65/avrtoolchain/bin/../lib/gcc/avr32/4.4.3/../../../../avr32/lib/ucr3fp\libc.a(lib_a-fclose.o)
                                 0xd0 (size before relaxing)
                0x8000d954                _fclose_r
 .text.fclose   0x8000da10       0x10 c:/program files (x86)/atmel/atmel studio 6.0/extensions/atmel/avrgcc/3.4.0.65/avrtoolchain/bin/../lib/gcc/avr32/4.4.3/../../../../avr32/lib/ucr3fp\libc.a(lib_a-fclose.o)
                                 0x18 (size before relaxing)
                0x8000da10                fclose
 .text._fstat_r
                0x8000da20       0x24 c:/program files (x86)/atmel/atmel studio 6.0/extensions/atmel/avrgcc/3.4.0.65/avrtoolchain/bin/../lib/gcc/avr32/4.4.3/../../../../avr32/lib/ucr3fp\libc.a(lib_a-fstatr.o)
                                 0x2c (size before relaxing)
                0x8000da20                _fstat_r
 .text._lseek_r
                0x8000da44       0x28 c:/program files (x86)/atmel/atmel studio 6.0/extensions/atmel/avrgcc/3.4.0.65/avrtoolchain/bin/../lib/gcc/avr32/4.4.3/../../../../avr32/lib/ucr3fp\libc.a(lib_a-lseekr.o)
                                 0x2c (size before relaxing)
                0x8000da44                _lseek_r
 .text._read_r  0x8000da6c       0x28 c:/program files (x86)/atmel/atmel studio 6.0/extensions/atmel/avrgcc/3.4.0.65/avrtoolchain/bin/../lib/gcc/avr32/4.4.3/../../../../avr32/lib/ucr3fp\libc.a(lib_a-readr.o)
                                 0x2c (size before relaxing)
                0x8000da6c                _read_r
 .text          0x8000da94       0x2a c:/program files (x86)/atmel/atmel studio 6.0/extensions/atmel/avrgcc/3.4.0.65/avrtoolchain/bin/../lib/gcc/avr32/4.4.3/ucr3fp\libgcc.a(_avr32_f64_to_s32.o)
                0x8000da94                __avr32_f64_to_u32
                0x8000da98                __avr32_f64_to_s32
 .text          0x8000dabe       0xe8 c:/program files (x86)/atmel/atmel studio 6.0/extensions/atmel/avrgcc/3.4.0.65/avrtoolchain/bin/../lib/gcc/avr32/4.4.3/ucr3fp\libgcc.a(_avr32_s32_to_f64.o)
                0x8000dabe                __avr32_u32_to_f64
                0x8000dac6                __avr32_s32_to_f64
 .text          0x8000dba6       0x26 c:/program files (x86)/atmel/atmel studio 6.0/extensions/atmel/avrgcc/3.4.0.65/avrtoolchain/bin/../lib/gcc/avr32/4.4.3/ucr3fp\libgcc.a(_avr32_f64_cmp_eq.o)
                0x8000dba6                __avr32_f64_cmp_eq
 .text          0x8000dbcc       0x68 c:/program files (x86)/atmel/atmel studio 6.0/extensions/atmel/avrgcc/3.4.0.65/avrtoolchain/bin/../lib/gcc/avr32/4.4.3/ucr3fp\libgcc.a(_avr32_f64_cmp_lt.o)
                0x8000dbcc                __avr32_f64_cmp_lt
 .text          0x8000dc34      0x272 c:/program files (x86)/atmel/atmel studio 6.0/extensions/atmel/avrgcc/3.4.0.65/avrtoolchain/bin/../lib/gcc/avr32/4.4.3/ucr3fp\libgcc.a(_umoddi3.o)
                0x8000dc34                __avr32_umod64
                0x8000dc34                __umoddi3
 *(.text.*personality*)
 *(.gnu.warning)

.exception      0x8000e000      0x200
 .exception     0x8000e000      0x200 src/asf/avr32/drivers/intc/exception.o
                0x8000e000                _evba
                0x8000e104                _int0
                0x8000e112                _int1
                0x8000e120                _int2
                0x8000e12e                _int3

.fini
 *(.fini)
                0x8000e200                PROVIDE (__etext, .)
                0x8000e200                PROVIDE (_etext, .)
                0x8000e200                PROVIDE (etext, .)

.rodata         0x8000e200      0x9cc
 *(.rodata .rodata.* .gnu.linkonce.r.*)
 .rodata.gpio_enable_module_pin
                0x8000e200       0x20 src/asf/avr32/drivers/gpio/gpio.o
 .rodata._int_handler_table
                0x8000e220      0x178 src/asf/avr32/drivers/intc/intc.o
 .rodata.ucGroupLocation
                0x8000e398        0x4 src/asf/avr32/drivers/misc/my_misc_functions.o
 .rodata.C.70.17626
                0x8000e39c       0x10 src/asf/avr32/drivers/Toplevel/Toplevel.o
 .rodata.str1.4
                0x8000e3ac      0x207 src/asf/avr32/drivers/Toplevel/Toplevel.o
                                0x208 (size before relaxing)
 *fill*         0x8000e5b3        0x1 00
 .rodata.tc_interrupt.16362
                0x8000e5b4        0x4 src/asf/common/boards/user_board/init.o
 .rodata.SPI_GPIO_MAP.16385
                0x8000e5b8        0x8 src/asf/common/boards/user_board/init.o
 .rodata.C.59.16403
                0x8000e5c0       0x10 src/asf/common/boards/user_board/init.o
 .rodata.SD_MMC_SPI_GPIO_MAP.16392
                0x8000e5d0        0x8 src/asf/common/boards/user_board/init.o
 .rodata.C.62.16412
                0x8000e5d8       0x10 src/asf/common/boards/user_board/init.o
 .rodata.waveform_opt_3.16367
                0x8000e5e8        0x8 src/asf/common/boards/user_board/init.o
 .rodata.USB_USART_OPTIONS.16389
                0x8000e5f0        0xc src/asf/common/boards/user_board/init.o
 .rodata.waveform_opt_1.16361
                0x8000e5fc        0x8 src/asf/common/boards/user_board/init.o
 .rodata.USB_USART_GPIO_MAP.16388
                0x8000e604        0x8 src/asf/common/boards/user_board/init.o
 .rodata.LCD_USART_OPTIONS.16391
                0x8000e60c        0xc src/asf/common/boards/user_board/init.o
 .rodata.DACIFB_GPIO_MAP.16394
                0x8000e618        0xa src/asf/common/boards/user_board/init.o
 *fill*         0x8000e622        0x2 00
 .rodata.C.58.16402
                0x8000e624       0x10 src/asf/common/boards/user_board/init.o
 .rodata.LCD_USART_GPIO_MAP.16390
                0x8000e634        0x4 src/asf/common/boards/user_board/init.o
 .rodata.GCLK_GPIO_MAP.16384
                0x8000e638        0x2 src/asf/common/boards/user_board/init.o
 *fill*         0x8000e63a        0x2 00
 .rodata.waveform_opt_2.16366
                0x8000e63c        0x8 src/asf/common/boards/user_board/init.o
 .rodata.get_arg
                0x8000e644       0x3c c:/program files (x86)/atmel/atmel studio 6.0/extensions/atmel/avrgcc/3.4.0.65/avrtoolchain/bin/../lib/gcc/avr32/4.4.3/../../../../avr32/lib/ucr3fp\libc.a(lib_a-vfprintf.o)
 .rodata._vfprintf_r
                0x8000e680      0x164 c:/program files (x86)/atmel/atmel studio 6.0/extensions/atmel/avrgcc/3.4.0.65/avrtoolchain/bin/../lib/gcc/avr32/4.4.3/../../../../avr32/lib/ucr3fp\libc.a(lib_a-vfprintf.o)
 .rodata.state_table
                0x8000e7e4       0x6c c:/program files (x86)/atmel/atmel studio 6.0/extensions/atmel/avrgcc/3.4.0.65/avrtoolchain/bin/../lib/gcc/avr32/4.4.3/../../../../avr32/lib/ucr3fp\libc.a(lib_a-vfprintf.o)
 .rodata.action_table
                0x8000e850       0x6c c:/program files (x86)/atmel/atmel studio 6.0/extensions/atmel/avrgcc/3.4.0.65/avrtoolchain/bin/../lib/gcc/avr32/4.4.3/../../../../avr32/lib/ucr3fp\libc.a(lib_a-vfprintf.o)
 .rodata.str1.4
                0x8000e8bc       0x3a c:/program files (x86)/atmel/atmel studio 6.0/extensions/atmel/avrgcc/3.4.0.65/avrtoolchain/bin/../lib/gcc/avr32/4.4.3/../../../../avr32/lib/ucr3fp\libc.a(lib_a-vfprintf.o)
                                 0x3c (size before relaxing)
 *fill*         0x8000e8f6        0x2 00
 .rodata.blanks.3430
                0x8000e8f8       0x10 c:/program files (x86)/atmel/atmel studio 6.0/extensions/atmel/avrgcc/3.4.0.65/avrtoolchain/bin/../lib/gcc/avr32/4.4.3/../../../../avr32/lib/ucr3fp\libc.a(lib_a-vfprintf.o)
 .rodata.zeroes.3431
                0x8000e908       0x10 c:/program files (x86)/atmel/atmel studio 6.0/extensions/atmel/avrgcc/3.4.0.65/avrtoolchain/bin/../lib/gcc/avr32/4.4.3/../../../../avr32/lib/ucr3fp\libc.a(lib_a-vfprintf.o)
 .rodata.chclass
                0x8000e918      0x100 c:/program files (x86)/atmel/atmel studio 6.0/extensions/atmel/avrgcc/3.4.0.65/avrtoolchain/bin/../lib/gcc/avr32/4.4.3/../../../../avr32/lib/ucr3fp\libc.a(lib_a-vfprintf.o)
 .rodata.str1.4
                0x8000ea18       0x10 c:/program files (x86)/atmel/atmel studio 6.0/extensions/atmel/avrgcc/3.4.0.65/avrtoolchain/bin/../lib/gcc/avr32/4.4.3/../../../../avr32/lib/ucr3fp\libc.a(lib_a-dtoa.o)
                                 0x14 (size before relaxing)
 .rodata.__sf_fake_stdin
                0x8000ea28       0x20 c:/program files (x86)/atmel/atmel studio 6.0/extensions/atmel/avrgcc/3.4.0.65/avrtoolchain/bin/../lib/gcc/avr32/4.4.3/../../../../avr32/lib/ucr3fp\libc.a(lib_a-findfp.o)
                0x8000ea28                __sf_fake_stdin
 .rodata.__sf_fake_stdout
                0x8000ea48       0x20 c:/program files (x86)/atmel/atmel studio 6.0/extensions/atmel/avrgcc/3.4.0.65/avrtoolchain/bin/../lib/gcc/avr32/4.4.3/../../../../avr32/lib/ucr3fp\libc.a(lib_a-findfp.o)
                0x8000ea48                __sf_fake_stdout
 .rodata.__sf_fake_stderr
                0x8000ea68       0x20 c:/program files (x86)/atmel/atmel studio 6.0/extensions/atmel/avrgcc/3.4.0.65/avrtoolchain/bin/../lib/gcc/avr32/4.4.3/../../../../avr32/lib/ucr3fp\libc.a(lib_a-findfp.o)
                0x8000ea68                __sf_fake_stderr
 .rodata.str1.4
                0x8000ea88        0x2 c:/program files (x86)/atmel/atmel studio 6.0/extensions/atmel/avrgcc/3.4.0.65/avrtoolchain/bin/../lib/gcc/avr32/4.4.3/../../../../avr32/lib/ucr3fp\libc.a(lib_a-impure.o)
                                  0x4 (size before relaxing)
 *fill*         0x8000ea8a        0x2 00
 .rodata._global_impure_ptr
                0x8000ea8c        0x4 c:/program files (x86)/atmel/atmel studio 6.0/extensions/atmel/avrgcc/3.4.0.65/avrtoolchain/bin/../lib/gcc/avr32/4.4.3/../../../../avr32/lib/ucr3fp\libc.a(lib_a-impure.o)
                0x8000ea8c                _global_impure_ptr
 .rodata.lconv  0x8000ea90       0x30 c:/program files (x86)/atmel/atmel studio 6.0/extensions/atmel/avrgcc/3.4.0.65/avrtoolchain/bin/../lib/gcc/avr32/4.4.3/../../../../avr32/lib/ucr3fp\libc.a(lib_a-locale.o)
 .rodata.str1.4
                0x8000eac0       0x10 c:/program files (x86)/atmel/atmel studio 6.0/extensions/atmel/avrgcc/3.4.0.65/avrtoolchain/bin/../lib/gcc/avr32/4.4.3/../../../../avr32/lib/ucr3fp\libc.a(lib_a-locale.o)
                                 0x18 (size before relaxing)
 .rodata.p05.2471
                0x8000ead0        0xc c:/program files (x86)/atmel/atmel studio 6.0/extensions/atmel/avrgcc/3.4.0.65/avrtoolchain/bin/../lib/gcc/avr32/4.4.3/../../../../avr32/lib/ucr3fp\libc.a(lib_a-mprec.o)
 .rodata.__mprec_tens
                0x8000eadc       0xc8 c:/program files (x86)/atmel/atmel studio 6.0/extensions/atmel/avrgcc/3.4.0.65/avrtoolchain/bin/../lib/gcc/avr32/4.4.3/../../../../avr32/lib/ucr3fp\libc.a(lib_a-mprec.o)
                0x8000eadc                __mprec_tens
 .rodata.__mprec_bigtens
                0x8000eba4       0x28 c:/program files (x86)/atmel/atmel studio 6.0/extensions/atmel/avrgcc/3.4.0.65/avrtoolchain/bin/../lib/gcc/avr32/4.4.3/../../../../avr32/lib/ucr3fp\libc.a(lib_a-mprec.o)
                0x8000eba4                __mprec_bigtens

.rodata1
 *(.rodata1)

.eh_frame_hdr
 *(.eh_frame_hdr)

.eh_frame
 *(.eh_frame)

.gcc_except_table
 *(.gcc_except_table)
 *(.gcc_except_table.*)

.dalign         0x8000ebcc        0x4
                0x8000ebd0                . = ALIGN (0x8)
 *fill*         0x8000ebcc        0x4 00
                0x8000ebd0                PROVIDE (_data_lma, .)
                0x000001dc                PROVIDE (_data, ORIGIN (CPUSRAM))
                0x000001dc                . = ORIGIN (CPUSRAM)

.eh_frame
 *(.eh_frame)

.gcc_except_table
 *(.gcc_except_table)
 *(.gcc_except_table.*)

.tdata
 *(.tdata .tdata.* .gnu.linkonce.td.*)

.tbss
 *(.tbss .tbss.* .gnu.linkonce.tb.*)
 *(.tcommon)
                0x000001dc                PROVIDE (__preinit_array_start, ALIGN (0x4))

.preinit_array
 *(.preinit_array)
                0x000001dc                PROVIDE (__preinit_array_end, .)
                0x000001dc                PROVIDE (__init_array_start, .)

.init_array
 *(.init_array)
                0x000001dc                PROVIDE (__init_array_end, .)
                0x000001dc                PROVIDE (__fini_array_start, .)

.fini_array
 *(.fini_array)
                0x000001dc                PROVIDE (__fini_array_end, .)

.ctors
 *crtbegin*.o(.ctors)
 *(EXCLUDE_FILE(*crtend*.o) .ctors)
 *(SORT(.ctors.*))
 *(.ctors)

.dtors
 *crtbegin*.o(.dtors)
 *(EXCLUDE_FILE(*crtend*.o) .dtors)
 *(SORT(.dtors.*))
 *(.dtors)

.jcr
 *(.jcr)

.data.rel.ro
 *(.data.rel.ro.local)
 *(.data.rel.ro*)

.dynamic
 *(.dynamic)

.got
 *(.got.plt)
 *(.got)

.data           0x000001dc      0x530 load address 0x8000ebd0
 *(.data .data.* .gnu.linkonce.d.*)
 .data.flashc_wait_until_ready
                0x000001dc        0x4 src/asf/avr32/drivers/flashc/flashc.o
                0x000001dc                flashc_wait_until_ready
 .data.bank_switch
                0x000001e0        0x1 src/asf/avr32/drivers/misc/SD_arbitration.o
                0x000001e0                bank_switch
 *fill*         0x000001e1        0x3 00
 .data.pcl_freq_param.16382
                0x000001e4       0x24 src/asf/common/boards/user_board/init.o
 .data.impure_data
                0x00000208       0xf0 c:/program files (x86)/atmel/atmel studio 6.0/extensions/atmel/avrgcc/3.4.0.65/avrtoolchain/bin/../lib/gcc/avr32/4.4.3/../../../../avr32/lib/ucr3fp\libc.a(lib_a-impure.o)
 .data._impure_ptr
                0x000002f8        0x4 c:/program files (x86)/atmel/atmel studio 6.0/extensions/atmel/avrgcc/3.4.0.65/avrtoolchain/bin/../lib/gcc/avr32/4.4.3/../../../../avr32/lib/ucr3fp\libc.a(lib_a-impure.o)
                0x000002f8                _impure_ptr
 .data.__malloc_av_
                0x000002fc      0x408 c:/program files (x86)/atmel/atmel studio 6.0/extensions/atmel/avrgcc/3.4.0.65/avrtoolchain/bin/../lib/gcc/avr32/4.4.3/../../../../avr32/lib/ucr3fp\libc.a(lib_a-mallocr.o)
                0x000002fc                __malloc_av_
 .data.__malloc_trim_threshold
                0x00000704        0x4 c:/program files (x86)/atmel/atmel studio 6.0/extensions/atmel/avrgcc/3.4.0.65/avrtoolchain/bin/../lib/gcc/avr32/4.4.3/../../../../avr32/lib/ucr3fp\libc.a(lib_a-mallocr.o)
                0x00000704                __malloc_trim_threshold
 .data.__malloc_sbrk_base
                0x00000708        0x4 c:/program files (x86)/atmel/atmel studio 6.0/extensions/atmel/avrgcc/3.4.0.65/avrtoolchain/bin/../lib/gcc/avr32/4.4.3/../../../../avr32/lib/ucr3fp\libc.a(lib_a-mallocr.o)
                0x00000708                __malloc_sbrk_base
 *(.gnu.linkonce.d.*personality*)

.data1
 *(.data1)

.balign         0x0000070c        0x4 load address 0x8000f100
                0x00000710                . = ALIGN (0x8)
 *fill*         0x0000070c        0x4 00
                0x00000710                _edata = .
                0x00000710                _edata = .
                0x00000710                PROVIDE (edata, .)
                0x00000710                __bss_start = .

.bss            0x00000710     0x8ed8 load address 0x8000f100
 *(.dynbss)
 *(.bss .bss.* .gnu.linkonce.b.*)
 .bss.sd_mmc_opt
                0x00000710       0x10 src/asf/avr32/components/memory/sd_mmc/sd_mmc_spi/sd_mmc_spi.o
 .bss.sd_mmc_pba_hz
                0x00000720        0x4 src/asf/avr32/components/memory/sd_mmc/sd_mmc_spi/sd_mmc_spi.o
 .bss.sd_mmc_spi_init_done
                0x00000724        0x1 src/asf/avr32/components/memory/sd_mmc/sd_mmc_spi/sd_mmc_spi.o
                0x00000724                sd_mmc_spi_init_done
 *fill*         0x00000725        0x3 00
 .bss.flashc_error_status
                0x00000728        0x4 src/asf/avr32/drivers/flashc/flashc.o
 .bss._int_line_handler_table_0
                0x0000072c        0x4 src/asf/avr32/drivers/intc/intc.o
 .bss._int_line_handler_table_1
                0x00000730        0x8 src/asf/avr32/drivers/intc/intc.o
 .bss._int_line_handler_table_2
                0x00000738        0x4 src/asf/avr32/drivers/intc/intc.o
 .bss._int_line_handler_table_3
                0x0000073c       0x10 src/asf/avr32/drivers/intc/intc.o
 .bss._int_line_handler_table_4
                0x0000074c       0x10 src/asf/avr32/drivers/intc/intc.o
 .bss._int_line_handler_table_5
                0x0000075c       0x10 src/asf/avr32/drivers/intc/intc.o
 .bss._int_line_handler_table_6
                0x0000076c       0x10 src/asf/avr32/drivers/intc/intc.o
 .bss._int_line_handler_table_7
                0x0000077c        0x4 src/asf/avr32/drivers/intc/intc.o
 .bss._int_line_handler_table_8
                0x00000780        0x4 src/asf/avr32/drivers/intc/intc.o
 .bss._int_line_handler_table_9
                0x00000784       0x28 src/asf/avr32/drivers/intc/intc.o
 .bss._int_line_handler_table_10
                0x000007ac        0x4 src/asf/avr32/drivers/intc/intc.o
 .bss._int_line_handler_table_11
                0x000007b0        0x4 src/asf/avr32/drivers/intc/intc.o
 .bss._int_line_handler_table_12
                0x000007b4        0x4 src/asf/avr32/drivers/intc/intc.o
 .bss._int_line_handler_table_13
                0x000007b8        0x4 src/asf/avr32/drivers/intc/intc.o
 .bss._int_line_handler_table_14
                0x000007bc       0x14 src/asf/avr32/drivers/intc/intc.o
 .bss._int_line_handler_table_15
                0x000007d0       0x10 src/asf/avr32/drivers/intc/intc.o
 .bss._int_line_handler_table_16
                0x000007e0       0x10 src/asf/avr32/drivers/intc/intc.o
 .bss._int_line_handler_table_17
                0x000007f0        0x4 src/asf/avr32/drivers/intc/intc.o
 .bss._int_line_handler_table_18
                0x000007f4       0x40 src/asf/avr32/drivers/intc/intc.o
 .bss._int_line_handler_table_19
                0x00000834        0x4 src/asf/avr32/drivers/intc/intc.o
 .bss._int_line_handler_table_33
                0x00000838        0xc src/asf/avr32/drivers/intc/intc.o
 .bss._int_line_handler_table_34
                0x00000844        0xc src/asf/avr32/drivers/intc/intc.o
 .bss._int_line_handler_table_35
                0x00000850        0x8 src/asf/avr32/drivers/intc/intc.o
 .bss._int_line_handler_table_36
                0x00000858       0x18 src/asf/avr32/drivers/intc/intc.o
 .bss._int_line_handler_table_37
                0x00000870        0x4 src/asf/avr32/drivers/intc/intc.o
 .bss._int_line_handler_table_38
                0x00000874        0x4 src/asf/avr32/drivers/intc/intc.o
 .bss._int_line_handler_table_39
                0x00000878       0x18 src/asf/avr32/drivers/intc/intc.o
 .bss._int_line_handler_table_40
                0x00000890       0x18 src/asf/avr32/drivers/intc/intc.o
 .bss._int_line_handler_table_29
                0x000008a8        0x4 src/asf/avr32/drivers/intc/intc.o
 .bss._int_line_handler_table_30
                0x000008ac        0x4 src/asf/avr32/drivers/intc/intc.o
 .bss._int_line_handler_table_31
                0x000008b0        0x4 src/asf/avr32/drivers/intc/intc.o
 .bss._int_line_handler_table_41
                0x000008b4        0x4 src/asf/avr32/drivers/intc/intc.o
 .bss._int_line_handler_table_32
                0x000008b8        0x4 src/asf/avr32/drivers/intc/intc.o
 .bss._int_line_handler_table_45
                0x000008bc        0x4 src/asf/avr32/drivers/intc/intc.o
 .bss._int_line_handler_table_20
                0x000008c0        0x4 src/asf/avr32/drivers/intc/intc.o
 .bss._int_line_handler_table_21
                0x000008c4        0x4 src/asf/avr32/drivers/intc/intc.o
 .bss._int_line_handler_table_22
                0x000008c8        0x4 src/asf/avr32/drivers/intc/intc.o
 .bss._int_line_handler_table_23
                0x000008cc        0x4 src/asf/avr32/drivers/intc/intc.o
 .bss._int_line_handler_table_24
                0x000008d0        0x4 src/asf/avr32/drivers/intc/intc.o
 .bss._int_line_handler_table_25
                0x000008d4        0x4 src/asf/avr32/drivers/intc/intc.o
 .bss._int_line_handler_table_26
                0x000008d8        0x4 src/asf/avr32/drivers/intc/intc.o
 .bss._int_line_handler_table_27
                0x000008dc        0x4 src/asf/avr32/drivers/intc/intc.o
 .bss._int_line_handler_table_28
                0x000008e0        0x4 src/asf/avr32/drivers/intc/intc.o
 .bss._int_line_handler_table_42
                0x000008e4        0x4 src/asf/avr32/drivers/intc/intc.o
 .bss._int_line_handler_table_43
                0x000008e8        0x4 src/asf/avr32/drivers/intc/intc.o
 .bss._int_line_handler_table_44
                0x000008ec        0x4 src/asf/avr32/drivers/intc/intc.o
 .bss._int_line_handler_table_46
                0x000008f0        0x4 src/asf/avr32/drivers/intc/intc.o
 .bss.SD_transfer_in_progress
                0x000008f4        0x1 src/asf/avr32/drivers/misc/SD_arbitration.o
                0x000008f4                SD_transfer_in_progress
 *fill*         0x000008f5        0x1 00
 .bss.save_r1   0x000008f6        0x2 src/asf/avr32/drivers/misc/SD_arbitration.o
                0x000008f6                save_r1
 .bss.new_ADC_data_ready
                0x000008f8        0x1 src/asf/avr32/drivers/misc/SD_arbitration.o
                0x000008f8                new_ADC_data_ready
 .bss.SD_transfer_state
                0x000008f9        0x1 src/asf/avr32/drivers/misc/SD_arbitration.o
                0x000008f9                SD_transfer_state
 .bss.failure_cause
                0x000008fa        0x1 src/asf/avr32/drivers/misc/SD_arbitration.o
                0x000008fa                failure_cause
 .bss.data_fail
                0x000008fb        0x1 src/asf/avr32/drivers/misc/SD_arbitration.o
                0x000008fb                data_fail
 .bss.experiment_problem
                0x000008fc        0x1 src/asf/avr32/drivers/Sequence/NMRsequence.o
                0x000008fc                experiment_problem
 .bss.lcdinit   0x000008fd        0x1 src/asf/avr32/drivers/Toplevel/Toplevel.o
                0x000008fd                lcdinit
 *fill*         0x000008fe        0x2 00
 .bss.__malloc_max_total_mem
                0x00000900        0x4 c:/program files (x86)/atmel/atmel studio 6.0/extensions/atmel/avrgcc/3.4.0.65/avrtoolchain/bin/../lib/gcc/avr32/4.4.3/../../../../avr32/lib/ucr3fp\libc.a(lib_a-mallocr.o)
                0x00000900                __malloc_max_total_mem
 .bss.__malloc_max_sbrked_mem
                0x00000904        0x4 c:/program files (x86)/atmel/atmel studio 6.0/extensions/atmel/avrgcc/3.4.0.65/avrtoolchain/bin/../lib/gcc/avr32/4.4.3/../../../../avr32/lib/ucr3fp\libc.a(lib_a-mallocr.o)
                0x00000904                __malloc_max_sbrked_mem
 .bss.__malloc_top_pad
                0x00000908        0x4 c:/program files (x86)/atmel/atmel studio 6.0/extensions/atmel/avrgcc/3.4.0.65/avrtoolchain/bin/../lib/gcc/avr32/4.4.3/../../../../avr32/lib/ucr3fp\libc.a(lib_a-mallocr.o)
                0x00000908                __malloc_top_pad
 .bss.__malloc_current_mallinfo
                0x0000090c       0x28 c:/program files (x86)/atmel/atmel studio 6.0/extensions/atmel/avrgcc/3.4.0.65/avrtoolchain/bin/../lib/gcc/avr32/4.4.3/../../../../avr32/lib/ucr3fp\libc.a(lib_a-mallocr.o)
                0x0000090c                __malloc_current_mallinfo
 .bss.cur_heap_pos.1869
                0x00000934        0x4 c:/program files (x86)/atmel/atmel studio 6.0/extensions/atmel/avrgcc/3.4.0.65/avrtoolchain/bin/../lib/gcc/avr32/4.4.3/../../../../avr32/lib/ucr3fp\libc.a(lib_a-syscalls.o)
 *(COMMON)
 COMMON         0x00000938      0x229 src/asf/avr32/components/memory/sd_mmc/sd_mmc_spi/sd_mmc_spi.o
                0x00000938                data_mem
                0x00000b3c                capacity
                0x00000b44                capacity_mult
                0x00000b46                erase_group_size
                0x00000b48                sd_mmc_spi_last_block_address
                0x00000b4c                r2
                0x00000b4e                card_type
                0x00000b50                csd
                0x00000b60                r1
 *fill*         0x00000b61        0x3 00
 COMMON         0x00000b64      0x7be src/asf/avr32/drivers/misc/SD_arbitration.o
                0x00000b64                temp_SD_sink_ptr
                0x00000b68                SD_sink_ptr_shadow
                0x00000b6c                SD_sink_ptr
                0x00000b70                temprdr
                0x00000b74                currentsequence
                0x00000be4                block_count
                0x00000be8                experiment
                0x00000f80                t_currentsequence
                0x00000fe4                t_experiment
                0x0000131c                SD_source_ptr
                0x00001320                ADC_byte_count
 *fill*         0x00001322        0x2 00
 COMMON         0x00001324     0x82b9 src/main.o
                0x00001324                LCD_USART_buffer
                0x00001364                bank1
                0x00005364                DDS_options_CH1
                0x00005378                temp
                0x0000537c                bank0
                0x0000937c                dummyblock
                0x0000957c                DDS_options_CH0
                0x00009590                cmd_ptr
                0x00009594                host_USART_buffer
                0x000095d4                DDS_options
 *fill*         0x000095dd        0x3 00
 COMMON         0x000095e0        0x4 c:/program files (x86)/atmel/atmel studio 6.0/extensions/atmel/avrgcc/3.4.0.65/avrtoolchain/bin/../lib/gcc/avr32/4.4.3/../../../../avr32/lib/ucr3fp\libc.a(lib_a-reent.o)
                0x000095e0                errno
                0x000095e8                . = ALIGN (0x8)
 *fill*         0x000095e4        0x4 00
                0x000095e8                . = ALIGN (0x8)
                0x000095e8                _end = .
                0x000095e8                PROVIDE (end, .)
                0x000095e8                __heap_start__ = ALIGN (0x8)
                0x0000f000                . = ((ORIGIN (CPUSRAM) + 0xfe24) - _stack_size)
                0x0000f000                __heap_end__ = .

.stab
 *(.stab)

.stabstr
 *(.stabstr)

.stab.excl
 *(.stab.excl)

.stab.exclstr
 *(.stab.exclstr)

.stab.index
 *(.stab.index)

.stab.indexstr
 *(.stab.indexstr)

.comment        0x00000000       0x30
 *(.comment)
 .comment       0x00000000       0x30 src/asf/avr32/components/memory/sd_mmc/sd_mmc_spi/sd_mmc_spi.o
                                 0x31 (size before relaxing)
 .comment       0x00000000       0x31 src/asf/avr32/drivers/AD9958/AD9958.o
 .comment       0x00000000       0x31 src/asf/avr32/drivers/dacifb/dacifb.o
 .comment       0x00000000       0x31 src/asf/avr32/drivers/flashc/flashc.o
 .comment       0x00000000       0x31 src/asf/avr32/drivers/gpio/gpio.o
 .comment       0x00000000       0x31 src/asf/avr32/drivers/intc/intc.o
 .comment       0x00000000       0x31 src/asf/avr32/drivers/misc/my_misc_functions.o
 .comment       0x00000000       0x31 src/asf/avr32/drivers/misc/my_SD_MMC.o
 .comment       0x00000000       0x31 src/asf/avr32/drivers/misc/SD_arbitration.o
 .comment       0x00000000       0x31 src/asf/avr32/drivers/pdca/pdca.o
 .comment       0x00000000       0x31 src/asf/avr32/drivers/pm/pm_uc3c.o
 .comment       0x00000000       0x31 src/asf/avr32/drivers/pm/power_clocks_lib.o
 .comment       0x00000000       0x31 src/asf/avr32/drivers/scif/scif_uc3c.o
 .comment       0x00000000       0x31 src/asf/avr32/drivers/Sequence/NMRsequence.o
 .comment       0x00000000       0x31 src/asf/avr32/drivers/spi/spi.o
 .comment       0x00000000       0x31 src/asf/avr32/drivers/tc/tc.o
 .comment       0x00000000       0x31 src/asf/avr32/drivers/Toplevel/Toplevel.o
 .comment       0x00000000       0x31 src/asf/avr32/drivers/usart/usart.o
 .comment       0x00000000       0x31 src/asf/common/boards/user_board/init.o
 .comment       0x00000000       0x31 src/main.o
 .comment       0x00000000       0x31 c:/program files (x86)/atmel/atmel studio 6.0/extensions/atmel/avrgcc/3.4.0.65/avrtoolchain/bin/../lib/gcc/avr32/4.4.3/../../../../avr32/lib/ucr3fp\libm.a(lib_a-sf_ceil.o)
 .comment       0x00000000       0x31 c:/program files (x86)/atmel/atmel studio 6.0/extensions/atmel/avrgcc/3.4.0.65/avrtoolchain/bin/../lib/gcc/avr32/4.4.3/../../../../avr32/lib/ucr3fp\libm.a(lib_a-sf_round.o)
 .comment       0x00000000       0x31 c:/program files (x86)/atmel/atmel studio 6.0/extensions/atmel/avrgcc/3.4.0.65/avrtoolchain/bin/../lib/gcc/avr32/4.4.3/ucr3fp\libgcc.a(_udivdi3.o)
 .comment       0x00000000       0x31 c:/program files (x86)/atmel/atmel studio 6.0/extensions/atmel/avrgcc/3.4.0.65/avrtoolchain/bin/../lib/gcc/avr32/4.4.3/../../../../avr32/lib/ucr3fp\libc.a(lib_a-sprintf.o)
 .comment       0x00000000       0x31 c:/program files (x86)/atmel/atmel studio 6.0/extensions/atmel/avrgcc/3.4.0.65/avrtoolchain/bin/../lib/gcc/avr32/4.4.3/../../../../avr32/lib/ucr3fp\libc.a(lib_a-vfprintf.o)
 .comment       0x00000000       0x31 c:/program files (x86)/atmel/atmel studio 6.0/extensions/atmel/avrgcc/3.4.0.65/avrtoolchain/bin/../lib/gcc/avr32/4.4.3/../../../../avr32/lib/ucr3fp\libc.a(lib_a-wsetup.o)
 .comment       0x00000000       0x31 c:/program files (x86)/atmel/atmel studio 6.0/extensions/atmel/avrgcc/3.4.0.65/avrtoolchain/bin/../lib/gcc/avr32/4.4.3/../../../../avr32/lib/ucr3fp\libc.a(lib_a-dtoa.o)
 .comment       0x00000000       0x31 c:/program files (x86)/atmel/atmel studio 6.0/extensions/atmel/avrgcc/3.4.0.65/avrtoolchain/bin/../lib/gcc/avr32/4.4.3/../../../../avr32/lib/ucr3fp\libc.a(lib_a-fflush.o)
 .comment       0x00000000       0x31 c:/program files (x86)/atmel/atmel studio 6.0/extensions/atmel/avrgcc/3.4.0.65/avrtoolchain/bin/../lib/gcc/avr32/4.4.3/../../../../avr32/lib/ucr3fp\libc.a(lib_a-findfp.o)
 .comment       0x00000000       0x31 c:/program files (x86)/atmel/atmel studio 6.0/extensions/atmel/avrgcc/3.4.0.65/avrtoolchain/bin/../lib/gcc/avr32/4.4.3/../../../../avr32/lib/ucr3fp\libc.a(lib_a-freer.o)
 .comment       0x00000000       0x31 c:/program files (x86)/atmel/atmel studio 6.0/extensions/atmel/avrgcc/3.4.0.65/avrtoolchain/bin/../lib/gcc/avr32/4.4.3/../../../../avr32/lib/ucr3fp\libc.a(lib_a-fvwrite.o)
 .comment       0x00000000       0x31 c:/program files (x86)/atmel/atmel studio 6.0/extensions/atmel/avrgcc/3.4.0.65/avrtoolchain/bin/../lib/gcc/avr32/4.4.3/../../../../avr32/lib/ucr3fp\libc.a(lib_a-fwalk.o)
 .comment       0x00000000       0x31 c:/program files (x86)/atmel/atmel studio 6.0/extensions/atmel/avrgcc/3.4.0.65/avrtoolchain/bin/../lib/gcc/avr32/4.4.3/../../../../avr32/lib/ucr3fp\libc.a(lib_a-impure.o)
 .comment       0x00000000       0x31 c:/program files (x86)/atmel/atmel studio 6.0/extensions/atmel/avrgcc/3.4.0.65/avrtoolchain/bin/../lib/gcc/avr32/4.4.3/../../../../avr32/lib/ucr3fp\libc.a(lib_a-locale.o)
 .comment       0x00000000       0x31 c:/program files (x86)/atmel/atmel studio 6.0/extensions/atmel/avrgcc/3.4.0.65/avrtoolchain/bin/../lib/gcc/avr32/4.4.3/../../../../avr32/lib/ucr3fp\libc.a(lib_a-makebuf.o)
 .comment       0x00000000       0x31 c:/program files (x86)/atmel/atmel studio 6.0/extensions/atmel/avrgcc/3.4.0.65/avrtoolchain/bin/../lib/gcc/avr32/4.4.3/../../../../avr32/lib/ucr3fp\libc.a(lib_a-malloc.o)
 .comment       0x00000000       0x31 c:/program files (x86)/atmel/atmel studio 6.0/extensions/atmel/avrgcc/3.4.0.65/avrtoolchain/bin/../lib/gcc/avr32/4.4.3/../../../../avr32/lib/ucr3fp\libc.a(lib_a-mallocr.o)
 .comment       0x00000000       0x31 c:/program files (x86)/atmel/atmel studio 6.0/extensions/atmel/avrgcc/3.4.0.65/avrtoolchain/bin/../lib/gcc/avr32/4.4.3/../../../../avr32/lib/ucr3fp\libc.a(lib_a-memchr.o)
 .comment       0x00000000       0x31 c:/program files (x86)/atmel/atmel studio 6.0/extensions/atmel/avrgcc/3.4.0.65/avrtoolchain/bin/../lib/gcc/avr32/4.4.3/../../../../avr32/lib/ucr3fp\libc.a(lib_a-memmove.o)
 .comment       0x00000000       0x31 c:/program files (x86)/atmel/atmel studio 6.0/extensions/atmel/avrgcc/3.4.0.65/avrtoolchain/bin/../lib/gcc/avr32/4.4.3/../../../../avr32/lib/ucr3fp\libc.a(lib_a-memset.o)
 .comment       0x00000000       0x31 c:/program files (x86)/atmel/atmel studio 6.0/extensions/atmel/avrgcc/3.4.0.65/avrtoolchain/bin/../lib/gcc/avr32/4.4.3/../../../../avr32/lib/ucr3fp\libc.a(lib_a-mlock.o)
 .comment       0x00000000       0x31 c:/program files (x86)/atmel/atmel studio 6.0/extensions/atmel/avrgcc/3.4.0.65/avrtoolchain/bin/../lib/gcc/avr32/4.4.3/../../../../avr32/lib/ucr3fp\libc.a(lib_a-mprec.o)
 .comment       0x00000000       0x31 c:/program files (x86)/atmel/atmel studio 6.0/extensions/atmel/avrgcc/3.4.0.65/avrtoolchain/bin/../lib/gcc/avr32/4.4.3/../../../../avr32/lib/ucr3fp\libc.a(lib_a-reallocr.o)
 .comment       0x00000000       0x31 c:/program files (x86)/atmel/atmel studio 6.0/extensions/atmel/avrgcc/3.4.0.65/avrtoolchain/bin/../lib/gcc/avr32/4.4.3/../../../../avr32/lib/ucr3fp\libc.a(lib_a-sbrkr.o)
 .comment       0x00000000       0x31 c:/program files (x86)/atmel/atmel studio 6.0/extensions/atmel/avrgcc/3.4.0.65/avrtoolchain/bin/../lib/gcc/avr32/4.4.3/../../../../avr32/lib/ucr3fp\libc.a(lib_a-s_isinfd.o)
 .comment       0x00000000       0x31 c:/program files (x86)/atmel/atmel studio 6.0/extensions/atmel/avrgcc/3.4.0.65/avrtoolchain/bin/../lib/gcc/avr32/4.4.3/../../../../avr32/lib/ucr3fp\libc.a(lib_a-s_isnand.o)
 .comment       0x00000000       0x31 c:/program files (x86)/atmel/atmel studio 6.0/extensions/atmel/avrgcc/3.4.0.65/avrtoolchain/bin/../lib/gcc/avr32/4.4.3/../../../../avr32/lib/ucr3fp\libc.a(lib_a-stdio.o)
 .comment       0x00000000       0x31 c:/program files (x86)/atmel/atmel studio 6.0/extensions/atmel/avrgcc/3.4.0.65/avrtoolchain/bin/../lib/gcc/avr32/4.4.3/../../../../avr32/lib/ucr3fp\libc.a(lib_a-strlen.o)
 .comment       0x00000000       0x31 c:/program files (x86)/atmel/atmel studio 6.0/extensions/atmel/avrgcc/3.4.0.65/avrtoolchain/bin/../lib/gcc/avr32/4.4.3/../../../../avr32/lib/ucr3fp\libc.a(lib_a-syscalls.o)
 .comment       0x00000000       0x31 c:/program files (x86)/atmel/atmel studio 6.0/extensions/atmel/avrgcc/3.4.0.65/avrtoolchain/bin/../lib/gcc/avr32/4.4.3/../../../../avr32/lib/ucr3fp\libc.a(lib_a-writer.o)
 .comment       0x00000000       0x31 c:/program files (x86)/atmel/atmel studio 6.0/extensions/atmel/avrgcc/3.4.0.65/avrtoolchain/bin/../lib/gcc/avr32/4.4.3/../../../../avr32/lib/ucr3fp\libc.a(lib_a-callocr.o)
 .comment       0x00000000       0x31 c:/program files (x86)/atmel/atmel studio 6.0/extensions/atmel/avrgcc/3.4.0.65/avrtoolchain/bin/../lib/gcc/avr32/4.4.3/../../../../avr32/lib/ucr3fp\libc.a(lib_a-closer.o)
 .comment       0x00000000       0x31 c:/program files (x86)/atmel/atmel studio 6.0/extensions/atmel/avrgcc/3.4.0.65/avrtoolchain/bin/../lib/gcc/avr32/4.4.3/../../../../avr32/lib/ucr3fp\libc.a(lib_a-errno.o)
 .comment       0x00000000       0x31 c:/program files (x86)/atmel/atmel studio 6.0/extensions/atmel/avrgcc/3.4.0.65/avrtoolchain/bin/../lib/gcc/avr32/4.4.3/../../../../avr32/lib/ucr3fp\libc.a(lib_a-fclose.o)
 .comment       0x00000000       0x31 c:/program files (x86)/atmel/atmel studio 6.0/extensions/atmel/avrgcc/3.4.0.65/avrtoolchain/bin/../lib/gcc/avr32/4.4.3/../../../../avr32/lib/ucr3fp\libc.a(lib_a-fstatr.o)
 .comment       0x00000000       0x31 c:/program files (x86)/atmel/atmel studio 6.0/extensions/atmel/avrgcc/3.4.0.65/avrtoolchain/bin/../lib/gcc/avr32/4.4.3/../../../../avr32/lib/ucr3fp\libc.a(lib_a-lseekr.o)
 .comment       0x00000000       0x31 c:/program files (x86)/atmel/atmel studio 6.0/extensions/atmel/avrgcc/3.4.0.65/avrtoolchain/bin/../lib/gcc/avr32/4.4.3/../../../../avr32/lib/ucr3fp\libc.a(lib_a-readr.o)
 .comment       0x00000000       0x31 c:/program files (x86)/atmel/atmel studio 6.0/extensions/atmel/avrgcc/3.4.0.65/avrtoolchain/bin/../lib/gcc/avr32/4.4.3/../../../../avr32/lib/ucr3fp\libc.a(lib_a-reent.o)
 .comment       0x00000000       0x31 c:/program files (x86)/atmel/atmel studio 6.0/extensions/atmel/avrgcc/3.4.0.65/avrtoolchain/bin/../lib/gcc/avr32/4.4.3/ucr3fp\libgcc.a(_umoddi3.o)

.debug
 *(.debug)

.line
 *(.line)

.debug_srcinfo
 *(.debug_srcinfo)

.debug_sfnames
 *(.debug_sfnames)

.debug_aranges  0x00000000     0x1380
 *(.debug_aranges)
 .debug_aranges
                0x00000000       0xf8 src/asf/avr32/components/memory/sd_mmc/sd_mmc_spi/sd_mmc_spi.o
 .debug_aranges
                0x000000f8       0xc0 src/asf/avr32/drivers/AD9958/AD9958.o
 .debug_aranges
                0x000001b8       0x50 src/asf/avr32/drivers/dacifb/dacifb.o
 .debug_aranges
                0x00000208      0x220 src/asf/avr32/drivers/flashc/flashc.o
 .debug_aranges
                0x00000428      0x120 src/asf/avr32/drivers/gpio/gpio.o
 .debug_aranges
                0x00000548       0x38 src/asf/avr32/drivers/intc/intc.o
 .debug_aranges
                0x00000580       0x48 src/asf/avr32/drivers/misc/my_misc_functions.o
 .debug_aranges
                0x000005c8       0x40 src/asf/avr32/drivers/misc/my_SD_MMC.o
 .debug_aranges
                0x00000608       0x88 src/asf/avr32/drivers/misc/SD_arbitration.o
 .debug_aranges
                0x00000690       0xb8 src/asf/avr32/drivers/pdca/pdca.o
 .debug_aranges
                0x00000748       0x50 src/asf/avr32/drivers/pm/pm_uc3c.o
 .debug_aranges
                0x00000798       0x40 src/asf/avr32/drivers/pm/power_clocks_lib.o
 .debug_aranges
                0x000007d8      0x160 src/asf/avr32/drivers/scif/scif_uc3c.o
 .debug_aranges
                0x00000938       0x40 src/asf/avr32/drivers/Sequence/NMRsequence.o
 .debug_aranges
                0x00000978       0xa8 src/asf/avr32/drivers/spi/spi.o
 .debug_aranges
                0x00000a20       0xa8 src/asf/avr32/drivers/tc/tc.o
 .debug_aranges
                0x00000ac8       0x70 src/asf/avr32/drivers/Toplevel/Toplevel.o
 .debug_aranges
                0x00000b38       0xd8 src/asf/avr32/drivers/usart/usart.o
 .debug_aranges
                0x00000c10       0x20 src/asf/common/boards/user_board/init.o
 .debug_aranges
                0x00000c30       0x28 src/main.o
 .debug_aranges
                0x00000c58       0x20 c:/program files (x86)/atmel/atmel studio 6.0/extensions/atmel/avrgcc/3.4.0.65/avrtoolchain/bin/../lib/gcc/avr32/4.4.3/../../../../avr32/lib/ucr3fp\libm.a(lib_a-sf_ceil.o)
 .debug_aranges
                0x00000c78       0x20 c:/program files (x86)/atmel/atmel studio 6.0/extensions/atmel/avrgcc/3.4.0.65/avrtoolchain/bin/../lib/gcc/avr32/4.4.3/../../../../avr32/lib/ucr3fp\libm.a(lib_a-sf_round.o)
 .debug_aranges
                0x00000c98       0x20 c:/program files (x86)/atmel/atmel studio 6.0/extensions/atmel/avrgcc/3.4.0.65/avrtoolchain/bin/../lib/gcc/avr32/4.4.3/ucr3fp\libgcc.a(_udivdi3.o)
 .debug_aranges
                0x00000cb8       0x28 c:/program files (x86)/atmel/atmel studio 6.0/extensions/atmel/avrgcc/3.4.0.65/avrtoolchain/bin/../lib/gcc/avr32/4.4.3/../../../../avr32/lib/ucr3fp\libc.a(lib_a-sprintf.o)
 .debug_aranges
                0x00000ce0       0x38 c:/program files (x86)/atmel/atmel studio 6.0/extensions/atmel/avrgcc/3.4.0.65/avrtoolchain/bin/../lib/gcc/avr32/4.4.3/../../../../avr32/lib/ucr3fp\libc.a(lib_a-vfprintf.o)
 .debug_aranges
                0x00000d18       0x20 c:/program files (x86)/atmel/atmel studio 6.0/extensions/atmel/avrgcc/3.4.0.65/avrtoolchain/bin/../lib/gcc/avr32/4.4.3/../../../../avr32/lib/ucr3fp\libc.a(lib_a-wsetup.o)
 .debug_aranges
                0x00000d38       0x28 c:/program files (x86)/atmel/atmel studio 6.0/extensions/atmel/avrgcc/3.4.0.65/avrtoolchain/bin/../lib/gcc/avr32/4.4.3/../../../../avr32/lib/ucr3fp\libc.a(lib_a-dtoa.o)
 .debug_aranges
                0x00000d60       0x28 c:/program files (x86)/atmel/atmel studio 6.0/extensions/atmel/avrgcc/3.4.0.65/avrtoolchain/bin/../lib/gcc/avr32/4.4.3/../../../../avr32/lib/ucr3fp\libc.a(lib_a-fflush.o)
 .debug_aranges
                0x00000d88       0x80 c:/program files (x86)/atmel/atmel studio 6.0/extensions/atmel/avrgcc/3.4.0.65/avrtoolchain/bin/../lib/gcc/avr32/4.4.3/../../../../avr32/lib/ucr3fp\libc.a(lib_a-findfp.o)
 .debug_aranges
                0x00000e08       0x28 c:/program files (x86)/atmel/atmel studio 6.0/extensions/atmel/avrgcc/3.4.0.65/avrtoolchain/bin/../lib/gcc/avr32/4.4.3/../../../../avr32/lib/ucr3fp\libc.a(lib_a-freer.o)
 .debug_aranges
                0x00000e30       0x20 c:/program files (x86)/atmel/atmel studio 6.0/extensions/atmel/avrgcc/3.4.0.65/avrtoolchain/bin/../lib/gcc/avr32/4.4.3/../../../../avr32/lib/ucr3fp\libc.a(lib_a-fvwrite.o)
 .debug_aranges
                0x00000e50       0x28 c:/program files (x86)/atmel/atmel studio 6.0/extensions/atmel/avrgcc/3.4.0.65/avrtoolchain/bin/../lib/gcc/avr32/4.4.3/../../../../avr32/lib/ucr3fp\libc.a(lib_a-fwalk.o)
 .debug_aranges
                0x00000e78       0x40 c:/program files (x86)/atmel/atmel studio 6.0/extensions/atmel/avrgcc/3.4.0.65/avrtoolchain/bin/../lib/gcc/avr32/4.4.3/../../../../avr32/lib/ucr3fp\libc.a(lib_a-locale.o)
 .debug_aranges
                0x00000eb8       0x20 c:/program files (x86)/atmel/atmel studio 6.0/extensions/atmel/avrgcc/3.4.0.65/avrtoolchain/bin/../lib/gcc/avr32/4.4.3/../../../../avr32/lib/ucr3fp\libc.a(lib_a-makebuf.o)
 .debug_aranges
                0x00000ed8       0x28 c:/program files (x86)/atmel/atmel studio 6.0/extensions/atmel/avrgcc/3.4.0.65/avrtoolchain/bin/../lib/gcc/avr32/4.4.3/../../../../avr32/lib/ucr3fp\libc.a(lib_a-malloc.o)
 .debug_aranges
                0x00000f00       0x20 c:/program files (x86)/atmel/atmel studio 6.0/extensions/atmel/avrgcc/3.4.0.65/avrtoolchain/bin/../lib/gcc/avr32/4.4.3/../../../../avr32/lib/ucr3fp\libc.a(lib_a-mallocr.o)
 .debug_aranges
                0x00000f20       0x20 c:/program files (x86)/atmel/atmel studio 6.0/extensions/atmel/avrgcc/3.4.0.65/avrtoolchain/bin/../lib/gcc/avr32/4.4.3/../../../../avr32/lib/ucr3fp\libc.a(lib_a-memchr.o)
 .debug_aranges
                0x00000f40       0x20 c:/program files (x86)/atmel/atmel studio 6.0/extensions/atmel/avrgcc/3.4.0.65/avrtoolchain/bin/../lib/gcc/avr32/4.4.3/../../../../avr32/lib/ucr3fp\libc.a(lib_a-memmove.o)
 .debug_aranges
                0x00000f60       0x20 c:/program files (x86)/atmel/atmel studio 6.0/extensions/atmel/avrgcc/3.4.0.65/avrtoolchain/bin/../lib/gcc/avr32/4.4.3/../../../../avr32/lib/ucr3fp\libc.a(lib_a-memset.o)
 .debug_aranges
                0x00000f80       0x28 c:/program files (x86)/atmel/atmel studio 6.0/extensions/atmel/avrgcc/3.4.0.65/avrtoolchain/bin/../lib/gcc/avr32/4.4.3/../../../../avr32/lib/ucr3fp\libc.a(lib_a-mlock.o)
 .debug_aranges
                0x00000fa8       0xb0 c:/program files (x86)/atmel/atmel studio 6.0/extensions/atmel/avrgcc/3.4.0.65/avrtoolchain/bin/../lib/gcc/avr32/4.4.3/../../../../avr32/lib/ucr3fp\libc.a(lib_a-mprec.o)
 .debug_aranges
                0x00001058       0x20 c:/program files (x86)/atmel/atmel studio 6.0/extensions/atmel/avrgcc/3.4.0.65/avrtoolchain/bin/../lib/gcc/avr32/4.4.3/../../../../avr32/lib/ucr3fp\libc.a(lib_a-reallocr.o)
 .debug_aranges
                0x00001078       0x20 c:/program files (x86)/atmel/atmel studio 6.0/extensions/atmel/avrgcc/3.4.0.65/avrtoolchain/bin/../lib/gcc/avr32/4.4.3/../../../../avr32/lib/ucr3fp\libc.a(lib_a-sbrkr.o)
 .debug_aranges
                0x00001098       0x20 c:/program files (x86)/atmel/atmel studio 6.0/extensions/atmel/avrgcc/3.4.0.65/avrtoolchain/bin/../lib/gcc/avr32/4.4.3/../../../../avr32/lib/ucr3fp\libc.a(lib_a-s_isinfd.o)
 .debug_aranges
                0x000010b8       0x20 c:/program files (x86)/atmel/atmel studio 6.0/extensions/atmel/avrgcc/3.4.0.65/avrtoolchain/bin/../lib/gcc/avr32/4.4.3/../../../../avr32/lib/ucr3fp\libc.a(lib_a-s_isnand.o)
 .debug_aranges
                0x000010d8       0x38 c:/program files (x86)/atmel/atmel studio 6.0/extensions/atmel/avrgcc/3.4.0.65/avrtoolchain/bin/../lib/gcc/avr32/4.4.3/../../../../avr32/lib/ucr3fp\libc.a(lib_a-stdio.o)
 .debug_aranges
                0x00001110       0x20 c:/program files (x86)/atmel/atmel studio 6.0/extensions/atmel/avrgcc/3.4.0.65/avrtoolchain/bin/../lib/gcc/avr32/4.4.3/../../../../avr32/lib/ucr3fp\libc.a(lib_a-strlen.o)
 .debug_aranges
                0x00001130       0xf8 c:/program files (x86)/atmel/atmel studio 6.0/extensions/atmel/avrgcc/3.4.0.65/avrtoolchain/bin/../lib/gcc/avr32/4.4.3/../../../../avr32/lib/ucr3fp\libc.a(lib_a-syscalls.o)
 .debug_aranges
                0x00001228       0x20 c:/program files (x86)/atmel/atmel studio 6.0/extensions/atmel/avrgcc/3.4.0.65/avrtoolchain/bin/../lib/gcc/avr32/4.4.3/../../../../avr32/lib/ucr3fp\libc.a(lib_a-writer.o)
 .debug_aranges
                0x00001248       0x20 c:/program files (x86)/atmel/atmel studio 6.0/extensions/atmel/avrgcc/3.4.0.65/avrtoolchain/bin/../lib/gcc/avr32/4.4.3/../../../../avr32/lib/ucr3fp\libc.a(lib_a-callocr.o)
 .debug_aranges
                0x00001268       0x20 c:/program files (x86)/atmel/atmel studio 6.0/extensions/atmel/avrgcc/3.4.0.65/avrtoolchain/bin/../lib/gcc/avr32/4.4.3/../../../../avr32/lib/ucr3fp\libc.a(lib_a-closer.o)
 .debug_aranges
                0x00001288       0x20 c:/program files (x86)/atmel/atmel studio 6.0/extensions/atmel/avrgcc/3.4.0.65/avrtoolchain/bin/../lib/gcc/avr32/4.4.3/../../../../avr32/lib/ucr3fp\libc.a(lib_a-errno.o)
 .debug_aranges
                0x000012a8       0x28 c:/program files (x86)/atmel/atmel studio 6.0/extensions/atmel/avrgcc/3.4.0.65/avrtoolchain/bin/../lib/gcc/avr32/4.4.3/../../../../avr32/lib/ucr3fp\libc.a(lib_a-fclose.o)
 .debug_aranges
                0x000012d0       0x20 c:/program files (x86)/atmel/atmel studio 6.0/extensions/atmel/avrgcc/3.4.0.65/avrtoolchain/bin/../lib/gcc/avr32/4.4.3/../../../../avr32/lib/ucr3fp\libc.a(lib_a-fstatr.o)
 .debug_aranges
                0x000012f0       0x20 c:/program files (x86)/atmel/atmel studio 6.0/extensions/atmel/avrgcc/3.4.0.65/avrtoolchain/bin/../lib/gcc/avr32/4.4.3/../../../../avr32/lib/ucr3fp\libc.a(lib_a-lseekr.o)
 .debug_aranges
                0x00001310       0x20 c:/program files (x86)/atmel/atmel studio 6.0/extensions/atmel/avrgcc/3.4.0.65/avrtoolchain/bin/../lib/gcc/avr32/4.4.3/../../../../avr32/lib/ucr3fp\libc.a(lib_a-readr.o)
 .debug_aranges
                0x00001330       0x30 c:/program files (x86)/atmel/atmel studio 6.0/extensions/atmel/avrgcc/3.4.0.65/avrtoolchain/bin/../lib/gcc/avr32/4.4.3/../../../../avr32/lib/ucr3fp\libc.a(lib_a-reent.o)
 .debug_aranges
                0x00001360       0x20 c:/program files (x86)/atmel/atmel studio 6.0/extensions/atmel/avrgcc/3.4.0.65/avrtoolchain/bin/../lib/gcc/avr32/4.4.3/ucr3fp\libgcc.a(_umoddi3.o)

.debug_pubnames
                0x00000000     0x2ff9
 *(.debug_pubnames)
 .debug_pubnames
                0x00000000      0x3b1 src/asf/avr32/components/memory/sd_mmc/sd_mmc_spi/sd_mmc_spi.o
 .debug_pubnames
                0x000003b1      0x19a src/asf/avr32/drivers/AD9958/AD9958.o
 .debug_pubnames
                0x0000054b       0xbf src/asf/avr32/drivers/dacifb/dacifb.o
 .debug_pubnames
                0x0000060a      0x79d src/asf/avr32/drivers/flashc/flashc.o
 .debug_pubnames
                0x00000da7      0x3aa src/asf/avr32/drivers/gpio/gpio.o
 .debug_pubnames
                0x00001151       0x62 src/asf/avr32/drivers/intc/intc.o
 .debug_pubnames
                0x000011b3       0x92 src/asf/avr32/drivers/misc/my_misc_functions.o
 .debug_pubnames
                0x00001245       0xab src/asf/avr32/drivers/misc/my_SD_MMC.o
 .debug_pubnames
                0x000012f0      0x29a src/asf/avr32/drivers/misc/SD_arbitration.o
 .debug_pubnames
                0x0000158a      0x275 src/asf/avr32/drivers/pdca/pdca.o
 .debug_pubnames
                0x000017ff       0xc3 src/asf/avr32/drivers/pm/pm_uc3c.o
 .debug_pubnames
                0x000018c2       0x82 src/asf/avr32/drivers/pm/power_clocks_lib.o
 .debug_pubnames
                0x00001944      0x3f6 src/asf/avr32/drivers/scif/scif_uc3c.o
 .debug_pubnames
                0x00001d3a       0xfc src/asf/avr32/drivers/Sequence/NMRsequence.o
 .debug_pubnames
                0x00001e36      0x178 src/asf/avr32/drivers/spi/spi.o
 .debug_pubnames
                0x00001fae      0x164 src/asf/avr32/drivers/tc/tc.o
 .debug_pubnames
                0x00002112      0x138 src/asf/avr32/drivers/Toplevel/Toplevel.o
 .debug_pubnames
                0x0000224a      0x227 src/asf/avr32/drivers/usart/usart.o
 .debug_pubnames
                0x00002471       0x21 src/asf/common/boards/user_board/init.o
 .debug_pubnames
                0x00002492      0x10b src/main.o
 .debug_pubnames
                0x0000259d       0x1c c:/program files (x86)/atmel/atmel studio 6.0/extensions/atmel/avrgcc/3.4.0.65/avrtoolchain/bin/../lib/gcc/avr32/4.4.3/../../../../avr32/lib/ucr3fp\libm.a(lib_a-sf_ceil.o)
 .debug_pubnames
                0x000025b9       0x1d c:/program files (x86)/atmel/atmel studio 6.0/extensions/atmel/avrgcc/3.4.0.65/avrtoolchain/bin/../lib/gcc/avr32/4.4.3/../../../../avr32/lib/ucr3fp\libm.a(lib_a-sf_round.o)